Archive member included to satisfy reference by file (symbol)

/Applications/STM32CubeIDE.app/Contents/Eclipse/plugins/com.st.stm32cube.ide.mcu.externaltools.gnu-tools-for-stm32.10.3-2021.10.macos64_1.0.200.202301161003/tools/bin/../lib/gcc/arm-none-eabi/10.3.1/../../../../arm-none-eabi/lib/thumb/v7e-m+fp/hard/libc_nano.a(lib_a-errno.o)
                              ./Core/Src/syscalls.o (__errno)
/Applications/STM32CubeIDE.app/Contents/Eclipse/plugins/com.st.stm32cube.ide.mcu.externaltools.gnu-tools-for-stm32.10.3-2021.10.macos64_1.0.200.202301161003/tools/bin/../lib/gcc/arm-none-eabi/10.3.1/../../../../arm-none-eabi/lib/thumb/v7e-m+fp/hard/libc_nano.a(lib_a-exit.o)
                              /Applications/STM32CubeIDE.app/Contents/Eclipse/plugins/com.st.stm32cube.ide.mcu.externaltools.gnu-tools-for-stm32.10.3-2021.10.macos64_1.0.200.202301161003/tools/bin/../lib/gcc/arm-none-eabi/10.3.1/../../../../arm-none-eabi/lib/thumb/v7e-m+fp/hard/crt0.o (exit)
/Applications/STM32CubeIDE.app/Contents/Eclipse/plugins/com.st.stm32cube.ide.mcu.externaltools.gnu-tools-for-stm32.10.3-2021.10.macos64_1.0.200.202301161003/tools/bin/../lib/gcc/arm-none-eabi/10.3.1/../../../../arm-none-eabi/lib/thumb/v7e-m+fp/hard/libc_nano.a(lib_a-impure.o)
                              /Applications/STM32CubeIDE.app/Contents/Eclipse/plugins/com.st.stm32cube.ide.mcu.externaltools.gnu-tools-for-stm32.10.3-2021.10.macos64_1.0.200.202301161003/tools/bin/../lib/gcc/arm-none-eabi/10.3.1/../../../../arm-none-eabi/lib/thumb/v7e-m+fp/hard/libc_nano.a(lib_a-exit.o) (_global_impure_ptr)
/Applications/STM32CubeIDE.app/Contents/Eclipse/plugins/com.st.stm32cube.ide.mcu.externaltools.gnu-tools-for-stm32.10.3-2021.10.macos64_1.0.200.202301161003/tools/bin/../lib/gcc/arm-none-eabi/10.3.1/../../../../arm-none-eabi/lib/thumb/v7e-m+fp/hard/libc_nano.a(lib_a-init.o)
                              /Applications/STM32CubeIDE.app/Contents/Eclipse/plugins/com.st.stm32cube.ide.mcu.externaltools.gnu-tools-for-stm32.10.3-2021.10.macos64_1.0.200.202301161003/tools/bin/../lib/gcc/arm-none-eabi/10.3.1/../../../../arm-none-eabi/lib/thumb/v7e-m+fp/hard/crt0.o (__libc_init_array)
/Applications/STM32CubeIDE.app/Contents/Eclipse/plugins/com.st.stm32cube.ide.mcu.externaltools.gnu-tools-for-stm32.10.3-2021.10.macos64_1.0.200.202301161003/tools/bin/../lib/gcc/arm-none-eabi/10.3.1/../../../../arm-none-eabi/lib/thumb/v7e-m+fp/hard/libc_nano.a(lib_a-memcpy-stub.o)
                              ./Middlewares/ST/BlueNRG-2/hci/bluenrg1_events.o (memcpy)
/Applications/STM32CubeIDE.app/Contents/Eclipse/plugins/com.st.stm32cube.ide.mcu.externaltools.gnu-tools-for-stm32.10.3-2021.10.macos64_1.0.200.202301161003/tools/bin/../lib/gcc/arm-none-eabi/10.3.1/../../../../arm-none-eabi/lib/thumb/v7e-m+fp/hard/libc_nano.a(lib_a-memset.o)
                              /Applications/STM32CubeIDE.app/Contents/Eclipse/plugins/com.st.stm32cube.ide.mcu.externaltools.gnu-tools-for-stm32.10.3-2021.10.macos64_1.0.200.202301161003/tools/bin/../lib/gcc/arm-none-eabi/10.3.1/../../../../arm-none-eabi/lib/thumb/v7e-m+fp/hard/crt0.o (memset)
/Applications/STM32CubeIDE.app/Contents/Eclipse/plugins/com.st.stm32cube.ide.mcu.externaltools.gnu-tools-for-stm32.10.3-2021.10.macos64_1.0.200.202301161003/tools/bin/../lib/gcc/arm-none-eabi/10.3.1/../../../../arm-none-eabi/lib/thumb/v7e-m+fp/hard/libc_nano.a(lib_a-printf.o)
                              ./Core/Src/app_bluenrg.o (printf)
/Applications/STM32CubeIDE.app/Contents/Eclipse/plugins/com.st.stm32cube.ide.mcu.externaltools.gnu-tools-for-stm32.10.3-2021.10.macos64_1.0.200.202301161003/tools/bin/../lib/gcc/arm-none-eabi/10.3.1/../../../../arm-none-eabi/lib/thumb/v7e-m+fp/hard/libc_nano.a(lib_a-strlen.o)
                              ./Core/Src/app_bluenrg.o (strlen)
/Applications/STM32CubeIDE.app/Contents/Eclipse/plugins/com.st.stm32cube.ide.mcu.externaltools.gnu-tools-for-stm32.10.3-2021.10.macos64_1.0.200.202301161003/tools/bin/../lib/gcc/arm-none-eabi/10.3.1/../../../../arm-none-eabi/lib/thumb/v7e-m+fp/hard/libc_nano.a(lib_a-findfp.o)
                              /Applications/STM32CubeIDE.app/Contents/Eclipse/plugins/com.st.stm32cube.ide.mcu.externaltools.gnu-tools-for-stm32.10.3-2021.10.macos64_1.0.200.202301161003/tools/bin/../lib/gcc/arm-none-eabi/10.3.1/../../../../arm-none-eabi/lib/thumb/v7e-m+fp/hard/libc_nano.a(lib_a-printf.o) (__sinit)
/Applications/STM32CubeIDE.app/Contents/Eclipse/plugins/com.st.stm32cube.ide.mcu.externaltools.gnu-tools-for-stm32.10.3-2021.10.macos64_1.0.200.202301161003/tools/bin/../lib/gcc/arm-none-eabi/10.3.1/../../../../arm-none-eabi/lib/thumb/v7e-m+fp/hard/libc_nano.a(lib_a-fwalk.o)
                              /Applications/STM32CubeIDE.app/Contents/Eclipse/plugins/com.st.stm32cube.ide.mcu.externaltools.gnu-tools-for-stm32.10.3-2021.10.macos64_1.0.200.202301161003/tools/bin/../lib/gcc/arm-none-eabi/10.3.1/../../../../arm-none-eabi/lib/thumb/v7e-m+fp/hard/libc_nano.a(lib_a-findfp.o) (_fwalk)
[...]
Memory Configuration

Name             Origin             Length             Attributes
RAM              0x0000000020000000 0x0000000000020000 xrw
FLASH            0x0000000008000000 0x0000000000080000 xr
*default*        0x0000000000000000 0xffffffffffffffff

Linker script and memory map

LOAD /Applications/STM32CubeIDE.app/Contents/Eclipse/plugins/com.st.stm32cube.ide.mcu.externaltools.gnu-tools-for-stm32.10.3-2021.10.macos64_1.0.200.202301161003/tools/bin/../lib/gcc/arm-none-eabi/10.3.1/thumb/v7e-m+fp/hard/crti.o
LOAD /Applications/STM32CubeIDE.app/Contents/Eclipse/plugins/com.st.stm32cube.ide.mcu.externaltools.gnu-tools-for-stm32.10.3-2021.10.macos64_1.0.200.202301161003/tools/bin/../lib/gcc/arm-none-eabi/10.3.1/thumb/v7e-m+fp/hard/crtbegin.o
LOAD /Applications/STM32CubeIDE.app/Contents/Eclipse/plugins/com.st.stm32cube.ide.mcu.externaltools.gnu-tools-for-stm32.10.3-2021.10.macos64_1.0.200.202301161003/tools/bin/../lib/gcc/arm-none-eabi/10.3.1/../../../../arm-none-eabi/lib/thumb/v7e-m+fp/hard/crt0.o
LOAD ./BlueNRG-2/Target/hci_tl_interface.o
LOAD ./Core/Src/app_bluenrg.o
LOAD ./Core/Src/main.o
LOAD ./Core/Src/service.o
LOAD ./Core/Src/stm32f4xx_hal_msp.o
LOAD ./Core/Src/stm32f4xx_it.o
LOAD ./Core/Src/stm32f4xx_nucleo_bus.o
LOAD ./Core/Src/syscalls.o
LOAD ./Core/Src/sysmem.o
LOAD ./Core/Src/system_stm32f4xx.o
LOAD ./Core/Startup/startup_stm32f411retx.o
LOAD ./Drivers/STM32F4xx_HAL_Driver/Src/stm32f4xx_hal.o
LOAD ./Drivers/STM32F4xx_HAL_Driver/Src/stm32f4xx_hal_cortex.o
LOAD ./Drivers/STM32F4xx_HAL_Driver/Src/stm32f4xx_hal_dma.o
LOAD ./Drivers/STM32F4xx_HAL_Driver/Src/stm32f4xx_hal_dma_ex.o
LOAD ./Drivers/STM32F4xx_HAL_Driver/Src/stm32f4xx_hal_exti.o
LOAD ./Drivers/STM32F4xx_HAL_Driver/Src/stm32f4xx_hal_flash.o
LOAD ./Drivers/STM32F4xx_HAL_Driver/Src/stm32f4xx_hal_flash_ex.o
LOAD ./Drivers/STM32F4xx_HAL_Driver/Src/stm32f4xx_hal_flash_ramfunc.o
LOAD ./Drivers/STM32F4xx_HAL_Driver/Src/stm32f4xx_hal_gpio.o
LOAD ./Drivers/STM32F4xx_HAL_Driver/Src/stm32f4xx_hal_pwr.o
LOAD ./Drivers/STM32F4xx_HAL_Driver/Src/stm32f4xx_hal_pwr_ex.o
LOAD ./Drivers/STM32F4xx_HAL_Driver/Src/stm32f4xx_hal_rcc.o
LOAD ./Drivers/STM32F4xx_HAL_Driver/Src/stm32f4xx_hal_rcc_ex.o
LOAD ./Drivers/STM32F4xx_HAL_Driver/Src/stm32f4xx_hal_spi.o
LOAD ./Drivers/STM32F4xx_HAL_Driver/Src/stm32f4xx_hal_tim.o
LOAD ./Drivers/STM32F4xx_HAL_Driver/Src/stm32f4xx_hal_tim_ex.o
LOAD ./Drivers/STM32F4xx_HAL_Driver/Src/stm32f4xx_hal_uart.o
LOAD ./Middlewares/ST/BlueNRG-2/hci/bluenrg1_devConfig.o
LOAD ./Middlewares/ST/BlueNRG-2/hci/bluenrg1_events.o
LOAD ./Middlewares/ST/BlueNRG-2/hci/bluenrg1_events_cb.o
LOAD ./Middlewares/ST/BlueNRG-2/hci/bluenrg1_hci_le.o
LOAD ./Middlewares/ST/BlueNRG-2/hci/controller/bluenrg1_gap_aci.o
LOAD ./Middlewares/ST/BlueNRG-2/hci/controller/bluenrg1_gatt_aci.o
LOAD ./Middlewares/ST/BlueNRG-2/hci/controller/bluenrg1_hal_aci.o
LOAD ./Middlewares/ST/BlueNRG-2/hci/controller/bluenrg1_l2cap_aci.o
LOAD ./Middlewares/ST/BlueNRG-2/hci/hci_tl_patterns/Basic/hci_tl.o
LOAD ./Middlewares/ST/BlueNRG-2/utils/ble_list.o
START GROUP
LOAD /Applications/STM32CubeIDE.app/Contents/Eclipse/plugins/com.st.stm32cube.ide.mcu.externaltools.gnu-tools-for-stm32.10.3-2021.10.macos64_1.0.200.202301161003/tools/bin/../lib/gcc/arm-none-eabi/10.3.1/../../../../arm-none-eabi/lib/thumb/v7e-m+fp/hard/libc_nano.a
LOAD /Applications/STM32CubeIDE.app/Contents/Eclipse/plugins/com.st.stm32cube.ide.mcu.externaltools.gnu-tools-for-stm32.10.3-2021.10.macos64_1.0.200.202301161003/tools/bin/../lib/gcc/arm-none-eabi/10.3.1/../../../../arm-none-eabi/lib/thumb/v7e-m+fp/hard/libm.a
END GROUP
START GROUP
LOAD /Applications/STM32CubeIDE.app/Contents/Eclipse/plugins/com.st.stm32cube.ide.mcu.externaltools.gnu-tools-for-stm32.10.3-2021.10.macos64_1.0.200.202301161003/tools/bin/../lib/gcc/arm-none-eabi/10.3.1/thumb/v7e-m+fp/hard/libgcc.a
LOAD /Applications/STM32CubeIDE.app/Contents/Eclipse/plugins/com.st.stm32cube.ide.mcu.externaltools.gnu-tools-for-stm32.10.3-2021.10.macos64_1.0.200.202301161003/tools/bin/../lib/gcc/arm-none-eabi/10.3.1/../../../../arm-none-eabi/lib/thumb/v7e-m+fp/hard/libc_nano.a
END GROUP
START GROUP
LOAD /Applications/STM32CubeIDE.app/Contents/Eclipse/plugins/com.st.stm32cube.ide.mcu.externaltools.gnu-tools-for-stm32.10.3-2021.10.macos64_1.0.200.202301161003/tools/bin/../lib/gcc/arm-none-eabi/10.3.1/thumb/v7e-m+fp/hard/libgcc.a
LOAD /Applications/STM32CubeIDE.app/Contents/Eclipse/plugins/com.st.stm32cube.ide.mcu.externaltools.gnu-tools-for-stm32.10.3-2021.10.macos64_1.0.200.202301161003/tools/bin/../lib/gcc/arm-none-eabi/10.3.1/../../../../arm-none-eabi/lib/thumb/v7e-m+fp/hard/libc_nano.a
LOAD /Applications/STM32CubeIDE.app/Contents/Eclipse/plugins/com.st.stm32cube.ide.mcu.externaltools.gnu-tools-for-stm32.10.3-2021.10.macos64_1.0.200.202301161003/tools/bin/../lib/gcc/arm-none-eabi/10.3.1/../../../../arm-none-eabi/lib/thumb/v7e-m+fp/hard/libnosys.a
END GROUP
START GROUP
LOAD /Applications/STM32CubeIDE.app/Contents/Eclipse/plugins/com.st.stm32cube.ide.mcu.externaltools.gnu-tools-for-stm32.10.3-2021.10.macos64_1.0.200.202301161003/tools/bin/../lib/gcc/arm-none-eabi/10.3.1/thumb/v7e-m+fp/hard/libgcc.a
LOAD /Applications/STM32CubeIDE.app/Contents/Eclipse/plugins/com.st.stm32cube.ide.mcu.externaltools.gnu-tools-for-stm32.10.3-2021.10.macos64_1.0.200.202301161003/tools/bin/../lib/gcc/arm-none-eabi/10.3.1/../../../../arm-none-eabi/lib/thumb/v7e-m+fp/hard/libc_nano.a
LOAD /Applications/STM32CubeIDE.app/Contents/Eclipse/plugins/com.st.stm32cube.ide.mcu.externaltools.gnu-tools-for-stm32.10.3-2021.10.macos64_1.0.200.202301161003/tools/bin/../lib/gcc/arm-none-eabi/10.3.1/../../../../arm-none-eabi/lib/thumb/v7e-m+fp/hard/libnosys.a
END GROUP
LOAD /Applications/STM32CubeIDE.app/Contents/Eclipse/plugins/com.st.stm32cube.ide.mcu.externaltools.gnu-tools-for-stm32.10.3-2021.10.macos64_1.0.200.202301161003/tools/bin/../lib/gcc/arm-none-eabi/10.3.1/thumb/v7e-m+fp/hard/crtend.o
LOAD /Applications/STM32CubeIDE.app/Contents/Eclipse/plugins/com.st.stm32cube.ide.mcu.externaltools.gnu-tools-for-stm32.10.3-2021.10.macos64_1.0.200.202301161003/tools/bin/../lib/gcc/arm-none-eabi/10.3.1/thumb/v7e-m+fp/hard/crtn.o
                0x0000000020020000                _estack = (ORIGIN (RAM) + LENGTH (RAM))
                0x0000000000000200                _Min_Heap_Size = 0x200
                0x0000000000000400                _Min_Stack_Size = 0x400

.isr_vector     0x0000000008000000      0x198
                0x0000000008000000                . = ALIGN (0x4)
 *(.isr_vector)
 .isr_vector    0x0000000008000000      0x198 ./Core/Startup/startup_stm32f411retx.o
                0x0000000008000000                g_pfnVectors
                0x0000000008000198                . = ALIGN (0x4)

.text           0x00000000080001a0     0x5064
                0x00000000080001a0                . = ALIGN (0x4)
 *(.text)
 .text          0x00000000080001a0       0x40 /Applications/STM32CubeIDE.app/Contents/Eclipse/plugins/com.st.stm32cube.ide.mcu.externaltools.gnu-tools-for-stm32.10.3-2021.10.macos64_1.0.200.202301161003/tools/bin/../lib/gcc/arm-none-eabi/10.3.1/thumb/v7e-m+fp/hard/crtbegin.o
 .text          0x00000000080001e0       0x10 /Applications/STM32CubeIDE.app/Contents/Eclipse/plugins/com.st.stm32cube.ide.mcu.externaltools.gnu-tools-for-stm32.10.3-2021.10.macos64_1.0.200.202301161003/tools/bin/../lib/gcc/arm-none-eabi/10.3.1/../../../../arm-none-eabi/lib/thumb/v7e-m+fp/hard/libc_nano.a(lib_a-strlen.o)
                0x00000000080001e0                strlen
 .text          0x00000000080001f0       0xa0 /Applications/STM32CubeIDE.app/Contents/Eclipse/plugins/com.st.stm32cube.ide.mcu.externaltools.gnu-tools-for-stm32.10.3-2021.10.macos64_1.0.200.202301161003/tools/bin/../lib/gcc/arm-none-eabi/10.3.1/../../../../arm-none-eabi/lib/thumb/v7e-m+fp/hard/libc_nano.a(lib_a-memchr.o)
                0x00000000080001f0                memchr
 .text          0x0000000008000290       0x30 /Applications/STM32CubeIDE.app/Contents/Eclipse/plugins/com.st.stm32cube.ide.mcu.externaltools.gnu-tools-for-stm32.10.3-2021.10.macos64_1.0.200.202301161003/tools/bin/../lib/gcc/arm-none-eabi/10.3.1/thumb/v7e-m+fp/hard/libgcc.a(_aeabi_uldivmod.o)
                0x0000000008000290                __aeabi_uldivmod
 .text          0x00000000080002c0      0x2d0 /Applications/STM32CubeIDE.app/Contents/Eclipse/plugins/com.st.stm32cube.ide.mcu.externaltools.gnu-tools-for-stm32.10.3-2021.10.macos64_1.0.200.202301161003/tools/bin/../lib/gcc/arm-none-eabi/10.3.1/thumb/v7e-m+fp/hard/libgcc.a(_udivmoddi4.o)
                0x00000000080002c0                __udivmoddi4
 .text          0x0000000008000590        0x4 /Applications/STM32CubeIDE.app/Contents/Eclipse/plugins/com.st.stm32cube.ide.mcu.externaltools.gnu-tools-for-stm32.10.3-2021.10.macos64_1.0.200.202301161003/tools/bin/../lib/gcc/arm-none-eabi/10.3.1/thumb/v7e-m+fp/hard/libgcc.a(_dvmd_tls.o)
                0x0000000008000590                __aeabi_ldiv0
                0x0000000008000590                __aeabi_idiv0
 *(.text*)
 .text.HCI_TL_SPI_Enable_IRQ
                0x0000000008000594        0xe ./BlueNRG-2/Target/hci_tl_interface.o
 .text.HCI_TL_SPI_Disable_IRQ
                0x00000000080005a2        0xe ./BlueNRG-2/Target/hci_tl_interface.o
 .text.HCI_TL_SPI_Init
                0x00000000080005b0       0x98 ./BlueNRG-2/Target/hci_tl_interface.o
                0x00000000080005b0                HCI_TL_SPI_Init
 .text.HCI_TL_SPI_DeInit
                0x0000000008000648       0x28 ./BlueNRG-2/Target/hci_tl_interface.o
                0x0000000008000648                HCI_TL_SPI_DeInit
 .text.HCI_TL_SPI_Reset
                0x0000000008000670       0x3c ./BlueNRG-2/Target/hci_tl_interface.o
                0x0000000008000670                HCI_TL_SPI_Reset
 .text.HCI_TL_SPI_Receive
                0x00000000080006ac       0xe0 ./BlueNRG-2/Target/hci_tl_interface.o
                0x00000000080006ac                HCI_TL_SPI_Receive
 .text.HCI_TL_SPI_Send
                0x000000000800078c      0x118 ./BlueNRG-2/Target/hci_tl_interface.o
                0x000000000800078c                HCI_TL_SPI_Send
 .text.IsDataAvailable
                0x00000000080008a4       0x20 ./BlueNRG-2/Target/hci_tl_interface.o
 .text.hci_tl_lowlevel_init
                0x00000000080008c4       0x74 ./BlueNRG-2/Target/hci_tl_interface.o
                0x00000000080008c4                hci_tl_lowlevel_init
 .text.hci_tl_lowlevel_isr
                0x0000000008000938       0x22 ./BlueNRG-2/Target/hci_tl_interface.o
                0x0000000008000938                hci_tl_lowlevel_isr
 *fill*         0x000000000800095a        0x2 
 .text.bluenrg_init
                0x000000000800095c       0xf0 ./Core/Src/app_bluenrg.o
                0x000000000800095c                bluenrg_init
 .text.bluenrg_process
                0x0000000008000a4c       0x58 ./Core/Src/app_bluenrg.o
                0x0000000008000a4c                bluenrg_process
 .text.__io_putchar
                0x0000000008000aa4       0x24 ./Core/Src/main.o
                0x0000000008000aa4                __io_putchar
 .text.main     0x0000000008000ac8       0x28 ./Core/Src/main.o
                0x0000000008000ac8                main
 .text.SystemClock_Config
                0x0000000008000af0       0xd0 ./Core/Src/main.o
                0x0000000008000af0                SystemClock_Config
 .text.MX_USART2_UART_Init
                0x0000000008000bc0       0x54 ./Core/Src/main.o
 .text.MX_GPIO_Init
                0x0000000008000c14      0x11c ./Core/Src/main.o
 .text.Error_Handler
                0x0000000008000d30        0xa ./Core/Src/main.o
                0x0000000008000d30                Error_Handler
 *fill*         0x0000000008000d3a        0x2 
 .text.add_simple_service
                0x0000000008000d3c       0x38 ./Core/Src/service.o
                0x0000000008000d3c                add_simple_service
 .text.HAL_MspInit
                0x0000000008000d74       0x50 ./Core/Src/stm32f4xx_hal_msp.o
                0x0000000008000d74                HAL_MspInit
 .text.HAL_UART_MspInit
                0x0000000008000dc4       0x90 ./Core/Src/stm32f4xx_hal_msp.o
                0x0000000008000dc4                HAL_UART_MspInit
 .text.NMI_Handler
                0x0000000008000e54        0x6 ./Core/Src/stm32f4xx_it.o
                0x0000000008000e54                NMI_Handler
 .text.HardFault_Handler
                0x0000000008000e5a        0x6 ./Core/Src/stm32f4xx_it.o
                0x0000000008000e5a                HardFault_Handler
 .text.MemManage_Handler
                0x0000000008000e60        0x6 ./Core/Src/stm32f4xx_it.o
                0x0000000008000e60                MemManage_Handler
 .text.BusFault_Handler
                0x0000000008000e66        0x6 ./Core/Src/stm32f4xx_it.o
                0x0000000008000e66                BusFault_Handler
 .text.UsageFault_Handler
                0x0000000008000e6c        0x6 ./Core/Src/stm32f4xx_it.o
                0x0000000008000e6c                UsageFault_Handler
 .text.SVC_Handler
                0x0000000008000e72        0xe ./Core/Src/stm32f4xx_it.o
                0x0000000008000e72                SVC_Handler
 .text.DebugMon_Handler
                0x0000000008000e80        0xe ./Core/Src/stm32f4xx_it.o
                0x0000000008000e80                DebugMon_Handler
 .text.PendSV_Handler
                0x0000000008000e8e        0xe ./Core/Src/stm32f4xx_it.o
                0x0000000008000e8e                PendSV_Handler
 .text.SysTick_Handler
                0x0000000008000e9c        0xc ./Core/Src/stm32f4xx_it.o
                0x0000000008000e9c                SysTick_Handler
 .text.EXTI0_IRQHandler
                0x0000000008000ea8       0x14 ./Core/Src/stm32f4xx_it.o
                0x0000000008000ea8                EXTI0_IRQHandler
 .text.EXTI15_10_IRQHandler
                0x0000000008000ebc       0x10 ./Core/Src/stm32f4xx_it.o
                0x0000000008000ebc                EXTI15_10_IRQHandler
 .text.BSP_SPI1_Init
                0x0000000008000ecc       0x60 ./Core/Src/stm32f4xx_nucleo_bus.o
                0x0000000008000ecc                BSP_SPI1_Init
 .text.BSP_SPI1_SendRecv
                0x0000000008000f2c       0x40 ./Core/Src/stm32f4xx_nucleo_bus.o
                0x0000000008000f2c                BSP_SPI1_SendRecv
 .text.BSP_GetTick
                0x0000000008000f6c        0xe ./Core/Src/stm32f4xx_nucleo_bus.o
                0x0000000008000f6c                BSP_GetTick
 *fill*         0x0000000008000f7a        0x2 
 .text.MX_SPI1_Init
                0x0000000008000f7c       0x78 ./Core/Src/stm32f4xx_nucleo_bus.o
                0x0000000008000f7c                MX_SPI1_Init
 .text.SPI1_MspInit
                0x0000000008000ff4       0xd0 ./Core/Src/stm32f4xx_nucleo_bus.o
 .text._read    0x00000000080010c4       0x3a ./Core/Src/syscalls.o
                0x00000000080010c4                _read
 .text._write   0x00000000080010fe       0x38 ./Core/Src/syscalls.o
                0x00000000080010fe                _write
 .text._close   0x0000000008001136       0x18 ./Core/Src/syscalls.o
                0x0000000008001136                _close
 .text._fstat   0x000000000800114e       0x20 ./Core/Src/syscalls.o
                0x000000000800114e                _fstat
 .text._isatty  0x000000000800116e       0x16 ./Core/Src/syscalls.o
                0x000000000800116e                _isatty
 .text._lseek   0x0000000008001184       0x1a ./Core/Src/syscalls.o
                0x0000000008001184                _lseek
 *fill*         0x000000000800119e        0x2 
 .text._sbrk    0x00000000080011a0       0x6c ./Core/Src/sysmem.o
                0x00000000080011a0                _sbrk
 .text.SystemInit
                0x000000000800120c       0x24 ./Core/Src/system_stm32f4xx.o
                0x000000000800120c                SystemInit
 .text.Reset_Handler
                0x0000000008001230       0x50 ./Core/Startup/startup_stm32f411retx.o
                0x0000000008001230                Reset_Handler
 .text.Default_Handler
                0x0000000008001280        0x2 ./Core/Startup/startup_stm32f411retx.o
                0x0000000008001280                DMA1_Stream3_IRQHandler
                0x0000000008001280                EXTI2_IRQHandler
                0x0000000008001280                SPI4_IRQHandler
                0x0000000008001280                TIM1_CC_IRQHandler
                0x0000000008001280                DMA2_Stream5_IRQHandler
                0x0000000008001280                DMA1_Stream5_IRQHandler
                0x0000000008001280                PVD_IRQHandler
                0x0000000008001280                SDIO_IRQHandler
                0x0000000008001280                TAMP_STAMP_IRQHandler
                0x0000000008001280                EXTI3_IRQHandler
                0x0000000008001280                TIM1_UP_TIM10_IRQHandler
                0x0000000008001280                I2C3_ER_IRQHandler
                0x0000000008001280                I2C2_EV_IRQHandler
                0x0000000008001280                DMA1_Stream2_IRQHandler
                0x0000000008001280                FPU_IRQHandler
                0x0000000008001280                DMA2_Stream2_IRQHandler
                0x0000000008001280                SPI1_IRQHandler
                0x0000000008001280                TIM1_BRK_TIM9_IRQHandler
                0x0000000008001280                DMA2_Stream3_IRQHandler
                0x0000000008001280                USART6_IRQHandler
                0x0000000008001280                DMA2_Stream0_IRQHandler
                0x0000000008001280                TIM4_IRQHandler
                0x0000000008001280                I2C1_EV_IRQHandler
                0x0000000008001280                DMA1_Stream6_IRQHandler
                0x0000000008001280                DMA1_Stream1_IRQHandler
                0x0000000008001280                TIM3_IRQHandler
                0x0000000008001280                RCC_IRQHandler
                0x0000000008001280                Default_Handler
                0x0000000008001280                ADC_IRQHandler
                0x0000000008001280                DMA1_Stream7_IRQHandler
                0x0000000008001280                SPI5_IRQHandler
                0x0000000008001280                TIM5_IRQHandler
                0x0000000008001280                DMA2_Stream7_IRQHandler
                0x0000000008001280                I2C3_EV_IRQHandler
                0x0000000008001280                EXTI9_5_IRQHandler
                0x0000000008001280                RTC_WKUP_IRQHandler
                0x0000000008001280                SPI2_IRQHandler
                0x0000000008001280                DMA1_Stream0_IRQHandler
                0x0000000008001280                EXTI4_IRQHandler
                0x0000000008001280                WWDG_IRQHandler
                0x0000000008001280                TIM2_IRQHandler
                0x0000000008001280                OTG_FS_WKUP_IRQHandler
                0x0000000008001280                TIM1_TRG_COM_TIM11_IRQHandler
                0x0000000008001280                EXTI1_IRQHandler
                0x0000000008001280                USART2_IRQHandler
                0x0000000008001280                I2C2_ER_IRQHandler
                0x0000000008001280                DMA2_Stream1_IRQHandler
                0x0000000008001280                FLASH_IRQHandler
                0x0000000008001280                DMA2_Stream4_IRQHandler
                0x0000000008001280                USART1_IRQHandler
                0x0000000008001280                OTG_FS_IRQHandler
                0x0000000008001280                SPI3_IRQHandler
                0x0000000008001280                DMA1_Stream4_IRQHandler
                0x0000000008001280                I2C1_ER_IRQHandler
                0x0000000008001280                DMA2_Stream6_IRQHandler
                0x0000000008001280                RTC_Alarm_IRQHandler
 *fill*         0x0000000008001282        0x2 
 .text.HAL_Init
                0x0000000008001284       0x44 ./Drivers/STM32F4xx_HAL_Driver/Src/stm32f4xx_hal.o
                0x0000000008001284                HAL_Init
 .text.HAL_InitTick
                0x00000000080012c8       0x60 ./Drivers/STM32F4xx_HAL_Driver/Src/stm32f4xx_hal.o
                0x00000000080012c8                HAL_InitTick
 .text.HAL_IncTick
                0x0000000008001328       0x28 ./Drivers/STM32F4xx_HAL_Driver/Src/stm32f4xx_hal.o
                0x0000000008001328                HAL_IncTick
 .text.HAL_GetTick
                0x0000000008001350       0x18 ./Drivers/STM32F4xx_HAL_Driver/Src/stm32f4xx_hal.o
                0x0000000008001350                HAL_GetTick
 .text.HAL_Delay
                0x0000000008001368       0x48 ./Drivers/STM32F4xx_HAL_Driver/Src/stm32f4xx_hal.o
                0x0000000008001368                HAL_Delay
 .text.__NVIC_SetPriorityGrouping
                0x00000000080013b0       0x48 ./Drivers/STM32F4xx_HAL_Driver/Src/stm32f4xx_hal_cortex.o
 .text.__NVIC_GetPriorityGrouping
                0x00000000080013f8       0x1c ./Drivers/STM32F4xx_HAL_Driver/Src/stm32f4xx_hal_cortex.o
 .text.__NVIC_EnableIRQ
                0x0000000008001414       0x3c ./Drivers/STM32F4xx_HAL_Driver/Src/stm32f4xx_hal_cortex.o
 .text.__NVIC_DisableIRQ
                0x0000000008001450       0x48 ./Drivers/STM32F4xx_HAL_Driver/Src/stm32f4xx_hal_cortex.o
 .text.__NVIC_SetPriority
                0x0000000008001498       0x54 ./Drivers/STM32F4xx_HAL_Driver/Src/stm32f4xx_hal_cortex.o
 .text.NVIC_EncodePriority
                0x00000000080014ec       0x66 ./Drivers/STM32F4xx_HAL_Driver/Src/stm32f4xx_hal_cortex.o
 *fill*         0x0000000008001552        0x2 
 .text.SysTick_Config
                0x0000000008001554       0x44 ./Drivers/STM32F4xx_HAL_Driver/Src/stm32f4xx_hal_cortex.o
 .text.HAL_NVIC_SetPriorityGrouping
                0x0000000008001598       0x16 ./Drivers/STM32F4xx_HAL_Driver/Src/stm32f4xx_hal_cortex.o
                0x0000000008001598                HAL_NVIC_SetPriorityGrouping
 .text.HAL_NVIC_SetPriority
                0x00000000080015ae       0x38 ./Drivers/STM32F4xx_HAL_Driver/Src/stm32f4xx_hal_cortex.o
                0x00000000080015ae                HAL_NVIC_SetPriority
 .text.HAL_NVIC_EnableIRQ
                0x00000000080015e6       0x1c ./Drivers/STM32F4xx_HAL_Driver/Src/stm32f4xx_hal_cortex.o
                0x00000000080015e6                HAL_NVIC_EnableIRQ
 .text.HAL_NVIC_DisableIRQ
                0x0000000008001602       0x1c ./Drivers/STM32F4xx_HAL_Driver/Src/stm32f4xx_hal_cortex.o
                0x0000000008001602                HAL_NVIC_DisableIRQ
 .text.HAL_SYSTICK_Config
                0x000000000800161e       0x18 ./Drivers/STM32F4xx_HAL_Driver/Src/stm32f4xx_hal_cortex.o
                0x000000000800161e                HAL_SYSTICK_Config
 .text.HAL_EXTI_RegisterCallback
                0x0000000008001636       0x34 ./Drivers/STM32F4xx_HAL_Driver/Src/stm32f4xx_hal_exti.o
                0x0000000008001636                HAL_EXTI_RegisterCallback
 .text.HAL_EXTI_GetHandle
                0x000000000800166a       0x28 ./Drivers/STM32F4xx_HAL_Driver/Src/stm32f4xx_hal_exti.o
                0x000000000800166a                HAL_EXTI_GetHandle
 *fill*         0x0000000008001692        0x2 
 .text.HAL_EXTI_IRQHandler
                0x0000000008001694       0x48 ./Drivers/STM32F4xx_HAL_Driver/Src/stm32f4xx_hal_exti.o
                0x0000000008001694                HAL_EXTI_IRQHandler
 .text.HAL_GPIO_Init
                0x00000000080016dc      0x308 ./Drivers/STM32F4xx_HAL_Driver/Src/stm32f4xx_hal_gpio.o
                0x00000000080016dc                HAL_GPIO_Init
 .text.HAL_GPIO_DeInit
                0x00000000080019e4      0x1c8 ./Drivers/STM32F4xx_HAL_Driver/Src/stm32f4xx_hal_gpio.o
                0x00000000080019e4                HAL_GPIO_DeInit
 .text.HAL_GPIO_ReadPin
                0x0000000008001bac       0x30 ./Drivers/STM32F4xx_HAL_Driver/Src/stm32f4xx_hal_gpio.o
                0x0000000008001bac                HAL_GPIO_ReadPin
 .text.HAL_GPIO_WritePin
                0x0000000008001bdc       0x32 ./Drivers/STM32F4xx_HAL_Driver/Src/stm32f4xx_hal_gpio.o
                0x0000000008001bdc                HAL_GPIO_WritePin
 *fill*         0x0000000008001c0e        0x2 
 .text.HAL_GPIO_EXTI_IRQHandler
                0x0000000008001c10       0x30 ./Drivers/STM32F4xx_HAL_Driver/Src/stm32f4xx_hal_gpio.o
                0x0000000008001c10                HAL_GPIO_EXTI_IRQHandler
 .text.HAL_GPIO_EXTI_Callback
                0x0000000008001c40       0x16 ./Drivers/STM32F4xx_HAL_Driver/Src/stm32f4xx_hal_gpio.o
                0x0000000008001c40                HAL_GPIO_EXTI_Callback
 *fill*         0x0000000008001c56        0x2 
 .text.HAL_RCC_OscConfig
                0x0000000008001c58      0x4f0 ./Drivers/STM32F4xx_HAL_Driver/Src/stm32f4xx_hal_rcc.o
                0x0000000008001c58                HAL_RCC_OscConfig
 .text.HAL_RCC_ClockConfig
                0x0000000008002148      0x1cc ./Drivers/STM32F4xx_HAL_Driver/Src/stm32f4xx_hal_rcc.o
                0x0000000008002148                HAL_RCC_ClockConfig
 .text.HAL_RCC_GetSysClockFreq
                0x0000000008002314      0x20c ./Drivers/STM32F4xx_HAL_Driver/Src/stm32f4xx_hal_rcc.o
                0x0000000008002314                HAL_RCC_GetSysClockFreq
 .text.HAL_RCC_GetHCLKFreq
                0x0000000008002520       0x18 ./Drivers/STM32F4xx_HAL_Driver/Src/stm32f4xx_hal_rcc.o
                0x0000000008002520                HAL_RCC_GetHCLKFreq
 .text.HAL_RCC_GetPCLK1Freq
                0x0000000008002538       0x28 ./Drivers/STM32F4xx_HAL_Driver/Src/stm32f4xx_hal_rcc.o
                0x0000000008002538                HAL_RCC_GetPCLK1Freq
 .text.HAL_RCC_GetPCLK2Freq
                0x0000000008002560       0x28 ./Drivers/STM32F4xx_HAL_Driver/Src/stm32f4xx_hal_rcc.o
                0x0000000008002560                HAL_RCC_GetPCLK2Freq
 .text.HAL_SPI_Init
                0x0000000008002588      0x112 ./Drivers/STM32F4xx_HAL_Driver/Src/stm32f4xx_hal_spi.o
                0x0000000008002588                HAL_SPI_Init
 .text.HAL_SPI_MspInit
                0x000000000800269a       0x14 ./Drivers/STM32F4xx_HAL_Driver/Src/stm32f4xx_hal_spi.o
                0x000000000800269a                HAL_SPI_MspInit
 .text.HAL_SPI_TransmitReceive
                0x00000000080026ae      0x344 ./Drivers/STM32F4xx_HAL_Driver/Src/stm32f4xx_hal_spi.o
                0x00000000080026ae                HAL_SPI_TransmitReceive
 .text.HAL_SPI_GetState
                0x00000000080029f2       0x1c ./Drivers/STM32F4xx_HAL_Driver/Src/stm32f4xx_hal_spi.o
                0x00000000080029f2                HAL_SPI_GetState
 *fill*         0x0000000008002a0e        0x2 
 .text.SPI_WaitFlagStateUntilTimeout
                0x0000000008002a10      0x110 ./Drivers/STM32F4xx_HAL_Driver/Src/stm32f4xx_hal_spi.o
 .text.SPI_EndRxTxTransaction
                0x0000000008002b20       0x84 ./Drivers/STM32F4xx_HAL_Driver/Src/stm32f4xx_hal_spi.o
 .text.HAL_UART_Init
                0x0000000008002ba4       0x9a ./Drivers/STM32F4xx_HAL_Driver/Src/stm32f4xx_hal_uart.o
                0x0000000008002ba4                HAL_UART_Init
 .text.HAL_UART_Transmit
                0x0000000008002c3e      0x124 ./Drivers/STM32F4xx_HAL_Driver/Src/stm32f4xx_hal_uart.o
                0x0000000008002c3e                HAL_UART_Transmit
 .text.UART_WaitOnFlagUntilTimeout
                0x0000000008002d62       0xdc ./Drivers/STM32F4xx_HAL_Driver/Src/stm32f4xx_hal_uart.o
 *fill*         0x0000000008002e3e        0x2 
 .text.UART_SetConfig
                0x0000000008002e40      0x4e8 ./Drivers/STM32F4xx_HAL_Driver/Src/stm32f4xx_hal_uart.o
 .text.hci_reset
                0x0000000008003328       0x52 ./Middlewares/ST/BlueNRG-2/hci/bluenrg1_hci_le.o
                0x0000000008003328                hci_reset
 .text.aci_gap_set_discoverable
                0x000000000800337a      0x206 ./Middlewares/ST/BlueNRG-2/hci/controller/bluenrg1_gap_aci.o
                0x000000000800337a                aci_gap_set_discoverable
 .text.aci_gap_init
                0x0000000008003580      0x15a ./Middlewares/ST/BlueNRG-2/hci/controller/bluenrg1_gap_aci.o
                0x0000000008003580                aci_gap_init
 .text.aci_gatt_init
                0x00000000080036da       0x54 ./Middlewares/ST/BlueNRG-2/hci/controller/bluenrg1_gatt_aci.o
                0x00000000080036da                aci_gatt_init
 .text.aci_gatt_add_service
                0x000000000800372e      0x1ac ./Middlewares/ST/BlueNRG-2/hci/controller/bluenrg1_gatt_aci.o
                0x000000000800372e                aci_gatt_add_service
 .text.aci_gatt_update_char_value
                0x00000000080038da      0x164 ./Middlewares/ST/BlueNRG-2/hci/controller/bluenrg1_gatt_aci.o
                0x00000000080038da                aci_gatt_update_char_value
 .text.aci_hal_write_config_data
                0x0000000008003a3e      0x11c ./Middlewares/ST/BlueNRG-2/hci/controller/bluenrg1_hal_aci.o
                0x0000000008003a3e                aci_hal_write_config_data
 .text.verify_packet
                0x0000000008003b5a       0x40 ./Middlewares/ST/BlueNRG-2/hci/hci_tl_patterns/Basic/hci_tl.o
 *fill*         0x0000000008003b9a        0x2 
 .text.send_cmd
                0x0000000008003b9c       0x80 ./Middlewares/ST/BlueNRG-2/hci/hci_tl_patterns/Basic/hci_tl.o
 .text.move_list
                0x0000000008003c1c       0x38 ./Middlewares/ST/BlueNRG-2/hci/hci_tl_patterns/Basic/hci_tl.o
 .text.free_event_list
                0x0000000008003c54       0x3c ./Middlewares/ST/BlueNRG-2/hci/hci_tl_patterns/Basic/hci_tl.o
 .text.hci_init
                0x0000000008003c90       0x84 ./Middlewares/ST/BlueNRG-2/hci/hci_tl_patterns/Basic/hci_tl.o
                0x0000000008003c90                hci_init
 .text.hci_register_io_bus
                0x0000000008003d14       0x40 ./Middlewares/ST/BlueNRG-2/hci/hci_tl_patterns/Basic/hci_tl.o
                0x0000000008003d14                hci_register_io_bus
 .text.hci_send_req
                0x0000000008003d54      0x234 ./Middlewares/ST/BlueNRG-2/hci/hci_tl_patterns/Basic/hci_tl.o
                0x0000000008003d54                hci_send_req
 .text.hci_notify_asynch_evt
                0x0000000008003f88       0x9c ./Middlewares/ST/BlueNRG-2/hci/hci_tl_patterns/Basic/hci_tl.o
                0x0000000008003f88                hci_notify_asynch_evt
 .text.list_init_head
                0x0000000008004024       0x20 ./Middlewares/ST/BlueNRG-2/utils/ble_list.o
                0x0000000008004024                list_init_head
 .text.list_is_empty
                0x0000000008004044       0x44 ./Middlewares/ST/BlueNRG-2/utils/ble_list.o
                0x0000000008004044                list_is_empty
 .text.list_insert_head
                0x0000000008004088       0x4c ./Middlewares/ST/BlueNRG-2/utils/ble_list.o
                0x0000000008004088                list_insert_head
 .text.list_insert_tail
                0x00000000080040d4       0x4c ./Middlewares/ST/BlueNRG-2/utils/ble_list.o
                0x00000000080040d4                list_insert_tail
 .text.list_remove_node
                0x0000000008004120       0x42 ./Middlewares/ST/BlueNRG-2/utils/ble_list.o
                0x0000000008004120                list_remove_node
 .text.list_remove_head
                0x0000000008004162       0x4e ./Middlewares/ST/BlueNRG-2/utils/ble_list.o
                0x0000000008004162                list_remove_head
 .text.list_remove_tail
                0x00000000080041b0       0x4e ./Middlewares/ST/BlueNRG-2/utils/ble_list.o
                0x00000000080041b0                list_remove_tail
 .text.list_get_size
                0x00000000080041fe       0x50 ./Middlewares/ST/BlueNRG-2/utils/ble_list.o
                0x00000000080041fe                list_get_size
 *fill*         0x000000000800424e        0x2 
 .text.__errno  0x0000000008004250        0xc /Applications/STM32CubeIDE.app/Contents/Eclipse/plugins/com.st.stm32cube.ide.mcu.externaltools.gnu-tools-for-stm32.10.3-2021.10.macos64_1.0.200.202301161003/tools/bin/../lib/gcc/arm-none-eabi/10.3.1/../../../../arm-none-eabi/lib/thumb/v7e-m+fp/hard/libc_nano.a(lib_a-errno.o)
                0x0000000008004250                __errno
 .text.__libc_init_array
                0x000000000800425c       0x48 /Applications/STM32CubeIDE.app/Contents/Eclipse/plugins/com.st.stm32cube.ide.mcu.externaltools.gnu-tools-for-stm32.10.3-2021.10.macos64_1.0.200.202301161003/tools/bin/../lib/gcc/arm-none-eabi/10.3.1/../../../../arm-none-eabi/lib/thumb/v7e-m+fp/hard/libc_nano.a(lib_a-init.o)
                0x000000000800425c                __libc_init_array
 .text.memcpy   0x00000000080042a4       0x1c /Applications/STM32CubeIDE.app/Contents/Eclipse/plugins/com.st.stm32cube.ide.mcu.externaltools.gnu-tools-for-stm32.10.3-2021.10.macos64_1.0.200.202301161003/tools/bin/../lib/gcc/arm-none-eabi/10.3.1/../../../../arm-none-eabi/lib/thumb/v7e-m+fp/hard/libc_nano.a(lib_a-memcpy-stub.o)
                0x00000000080042a4                memcpy
 .text.memset   0x00000000080042c0       0x10 /Applications/STM32CubeIDE.app/Contents/Eclipse/plugins/com.st.stm32cube.ide.mcu.externaltools.gnu-tools-for-stm32.10.3-2021.10.macos64_1.0.200.202301161003/tools/bin/../lib/gcc/arm-none-eabi/10.3.1/../../../../arm-none-eabi/lib/thumb/v7e-m+fp/hard/libc_nano.a(lib_a-memset.o)
                0x00000000080042c0                memset
 .text.printf   0x00000000080042d0       0x30 /Applications/STM32CubeIDE.app/Contents/Eclipse/plugins/com.st.stm32cube.ide.mcu.externaltools.gnu-tools-for-stm32.10.3-2021.10.macos64_1.0.200.202301161003/tools/bin/../lib/gcc/arm-none-eabi/10.3.1/../../../../arm-none-eabi/lib/thumb/v7e-m+fp/hard/libc_nano.a(lib_a-printf.o)
                0x00000000080042d0                printf
                0x00000000080042d0                iprintf
 .text.std      0x0000000008004300       0x48 /Applications/STM32CubeIDE.app/Contents/Eclipse/plugins/com.st.stm32cube.ide.mcu.externaltools.gnu-tools-for-stm32.10.3-2021.10.macos64_1.0.200.202301161003/tools/bin/../lib/gcc/arm-none-eabi/10.3.1/../../../../arm-none-eabi/lib/thumb/v7e-m+fp/hard/libc_nano.a(lib_a-findfp.o)
 .text._cleanup_r
                0x0000000008004348        0xc /Applications/STM32CubeIDE.app/Contents/Eclipse/plugins/com.st.stm32cube.ide.mcu.externaltools.gnu-tools-for-stm32.10.3-2021.10.macos64_1.0.200.202301161003/tools/bin/../lib/gcc/arm-none-eabi/10.3.1/../../../../arm-none-eabi/lib/thumb/v7e-m+fp/hard/libc_nano.a(lib_a-findfp.o)
                0x0000000008004348                _cleanup_r
 .text.__sfmoreglue
                0x0000000008004354       0x2c /Applications/STM32CubeIDE.app/Contents/Eclipse/plugins/com.st.stm32cube.ide.mcu.externaltools.gnu-tools-for-stm32.10.3-2021.10.macos64_1.0.200.202301161003/tools/bin/../lib/gcc/arm-none-eabi/10.3.1/../../../../arm-none-eabi/lib/thumb/v7e-m+fp/hard/libc_nano.a(lib_a-findfp.o)
                0x0000000008004354                __sfmoreglue
 .text.__sfp_lock_acquire
                0x0000000008004380        0xc /Applications/STM32CubeIDE.app/Contents/Eclipse/plugins/com.st.stm32cube.ide.mcu.externaltools.gnu-tools-for-stm32.10.3-2021.10.macos64_1.0.200.202301161003/tools/bin/../lib/gcc/arm-none-eabi/10.3.1/../../../../arm-none-eabi/lib/thumb/v7e-m+fp/hard/libc_nano.a(lib_a-findfp.o)
                0x0000000008004380                __sfp_lock_acquire
 .text.__sfp_lock_release
                0x000000000800438c        0xc /Applications/STM32CubeIDE.app/Contents/Eclipse/plugins/com.st.stm32cube.ide.mcu.externaltools.gnu-tools-for-stm32.10.3-2021.10.macos64_1.0.200.202301161003/tools/bin/../lib/gcc/arm-none-eabi/10.3.1/../../../../arm-none-eabi/lib/thumb/v7e-m+fp/hard/libc_nano.a(lib_a-findfp.o)
                0x000000000800438c                __sfp_lock_release
 .text.__sinit_lock_acquire
                0x0000000008004398        0xc /Applications/STM32CubeIDE.app/Contents/Eclipse/plugins/com.st.stm32cube.ide.mcu.externaltools.gnu-tools-for-stm32.10.3-2021.10.macos64_1.0.200.202301161003/tools/bin/../lib/gcc/arm-none-eabi/10.3.1/../../../../arm-none-eabi/lib/thumb/v7e-m+fp/hard/libc_nano.a(lib_a-findfp.o)
                0x0000000008004398                __sinit_lock_acquire
 .text.__sinit_lock_release
                0x00000000080043a4        0xc /Applications/STM32CubeIDE.app/Contents/Eclipse/plugins/com.st.stm32cube.ide.mcu.externaltools.gnu-tools-for-stm32.10.3-2021.10.macos64_1.0.200.202301161003/tools/bin/../lib/gcc/arm-none-eabi/10.3.1/../../../../arm-none-eabi/lib/thumb/v7e-m+fp/hard/libc_nano.a(lib_a-findfp.o)
                0x00000000080043a4                __sinit_lock_release
 .text.__sinit  0x00000000080043b0       0x70 /Applications/STM32CubeIDE.app/Contents/Eclipse/plugins/com.st.stm32cube.ide.mcu.externaltools.gnu-tools-for-stm32.10.3-2021.10.macos64_1.0.200.202301161003/tools/bin/../lib/gcc/arm-none-eabi/10.3.1/../../../../arm-none-eabi/lib/thumb/v7e-m+fp/hard/libc_nano.a(lib_a-findfp.o)
                0x00000000080043b0                __sinit
 .text.__sfp    0x0000000008004420       0x8c /Applications/STM32CubeIDE.app/Contents/Eclipse/plugins/com.st.stm32cube.ide.mcu.externaltools.gnu-tools-for-stm32.10.3-2021.10.macos64_1.0.200.202301161003/tools/bin/../lib/gcc/arm-none-eabi/10.3.1/../../../../arm-none-eabi/lib/thumb/v7e-m+fp/hard/libc_nano.a(lib_a-findfp.o)
                0x0000000008004420                __sfp
 .text._fwalk_reent
                0x00000000080044ac       0x3e /Applications/STM32CubeIDE.app/Contents/Eclipse/plugins/com.st.stm32cube.ide.mcu.externaltools.gnu-tools-for-stm32.10.3-2021.10.macos64_1.0.200.202301161003/tools/bin/../lib/gcc/arm-none-eabi/10.3.1/../../../../arm-none-eabi/lib/thumb/v7e-m+fp/hard/libc_nano.a(lib_a-fwalk.o)
                0x00000000080044ac                _fwalk_reent
 .text.__retarget_lock_init_recursive
                0x00000000080044ea        0x2 /Applications/STM32CubeIDE.app/Contents/Eclipse/plugins/com.st.stm32cube.ide.mcu.externaltools.gnu-tools-for-stm32.10.3-2021.10.macos64_1.0.200.202301161003/tools/bin/../lib/gcc/arm-none-eabi/10.3.1/../../../../arm-none-eabi/lib/thumb/v7e-m+fp/hard/libc_nano.a(lib_a-lock.o)
                0x00000000080044ea                __retarget_lock_init_recursive
 .text.__retarget_lock_acquire_recursive
                0x00000000080044ec        0x2 /Applications/STM32CubeIDE.app/Contents/Eclipse/plugins/com.st.stm32cube.ide.mcu.externaltools.gnu-tools-for-stm32.10.3-2021.10.macos64_1.0.200.202301161003/tools/bin/../lib/gcc/arm-none-eabi/10.3.1/../../../../arm-none-eabi/lib/thumb/v7e-m+fp/hard/libc_nano.a(lib_a-lock.o)
                0x00000000080044ec                __retarget_lock_acquire_recursive
 .text.__retarget_lock_release_recursive
                0x00000000080044ee        0x2 /Applications/STM32CubeIDE.app/Contents/Eclipse/plugins/com.st.stm32cube.ide.mcu.externaltools.gnu-tools-for-stm32.10.3-2021.10.macos64_1.0.200.202301161003/tools/bin/../lib/gcc/arm-none-eabi/10.3.1/../../../../arm-none-eabi/lib/thumb/v7e-m+fp/hard/libc_nano.a(lib_a-lock.o)
                0x00000000080044ee                __retarget_lock_release_recursive
 .text.sbrk_aligned
                0x00000000080044f0       0x40 /Applications/STM32CubeIDE.app/Contents/Eclipse/plugins/com.st.stm32cube.ide.mcu.externaltools.gnu-tools-for-stm32.10.3-2021.10.macos64_1.0.200.202301161003/tools/bin/../lib/gcc/arm-none-eabi/10.3.1/../../../../arm-none-eabi/lib/thumb/v7e-m+fp/hard/libc_nano.a(lib_a-nano-mallocr.o)
 .text._malloc_r
                0x0000000008004530       0xe8 /Applications/STM32CubeIDE.app/Contents/Eclipse/plugins/com.st.stm32cube.ide.mcu.externaltools.gnu-tools-for-stm32.10.3-2021.10.macos64_1.0.200.202301161003/tools/bin/../lib/gcc/arm-none-eabi/10.3.1/../../../../arm-none-eabi/lib/thumb/v7e-m+fp/hard/libc_nano.a(lib_a-nano-mallocr.o)
                0x0000000008004530                _malloc_r
 .text.__sfputc_r
                0x0000000008004618       0x2e /Applications/STM32CubeIDE.app/Contents/Eclipse/plugins/com.st.stm32cube.ide.mcu.externaltools.gnu-tools-for-stm32.10.3-2021.10.macos64_1.0.200.202301161003/tools/bin/../lib/gcc/arm-none-eabi/10.3.1/../../../../arm-none-eabi/lib/thumb/v7e-m+fp/hard/libc_nano.a(lib_a-nano-vfprintf.o)
 .text.__sfputs_r
                0x0000000008004646       0x24 /Applications/STM32CubeIDE.app/Contents/Eclipse/plugins/com.st.stm32cube.ide.mcu.externaltools.gnu-tools-for-stm32.10.3-2021.10.macos64_1.0.200.202301161003/tools/bin/../lib/gcc/arm-none-eabi/10.3.1/../../../../arm-none-eabi/lib/thumb/v7e-m+fp/hard/libc_nano.a(lib_a-nano-vfprintf.o)
                0x0000000008004646                __sfputs_r
 *fill*         0x000000000800466a        0x2 
 .text._vfprintf_r
                0x000000000800466c      0x260 /Applications/STM32CubeIDE.app/Contents/Eclipse/plugins/com.st.stm32cube.ide.mcu.externaltools.gnu-tools-for-stm32.10.3-2021.10.macos64_1.0.200.202301161003/tools/bin/../lib/gcc/arm-none-eabi/10.3.1/../../../../arm-none-eabi/lib/thumb/v7e-m+fp/hard/libc_nano.a(lib_a-nano-vfprintf.o)
                0x000000000800466c                _vfiprintf_r
                0x000000000800466c                _vfprintf_r
 .text._printf_common
                0x00000000080048cc       0xda /Applications/STM32CubeIDE.app/Contents/Eclipse/plugins/com.st.stm32cube.ide.mcu.externaltools.gnu-tools-for-stm32.10.3-2021.10.macos64_1.0.200.202301161003/tools/bin/../lib/gcc/arm-none-eabi/10.3.1/../../../../arm-none-eabi/lib/thumb/v7e-m+fp/hard/libc_nano.a(lib_a-nano-vfprintf_i.o)
                0x00000000080048cc                _printf_common
 *fill*         0x00000000080049a6        0x2 
 .text._printf_i
                0x00000000080049a8      0x24c /Applications/STM32CubeIDE.app/Contents/Eclipse/plugins/com.st.stm32cube.ide.mcu.externaltools.gnu-tools-for-stm32.10.3-2021.10.macos64_1.0.200.202301161003/tools/bin/../lib/gcc/arm-none-eabi/10.3.1/../../../../arm-none-eabi/lib/thumb/v7e-m+fp/hard/libc_nano.a(lib_a-nano-vfprintf_i.o)
                0x00000000080049a8                _printf_i
 .text._sbrk_r  0x0000000008004bf4       0x20 /Applications/STM32CubeIDE.app/Contents/Eclipse/plugins/com.st.stm32cube.ide.mcu.externaltools.gnu-tools-for-stm32.10.3-2021.10.macos64_1.0.200.202301161003/tools/bin/../lib/gcc/arm-none-eabi/10.3.1/../../../../arm-none-eabi/lib/thumb/v7e-m+fp/hard/libc_nano.a(lib_a-sbrkr.o)
                0x0000000008004bf4                _sbrk_r
 .text.__sread  0x0000000008004c14       0x22 /Applications/STM32CubeIDE.app/Contents/Eclipse/plugins/com.st.stm32cube.ide.mcu.externaltools.gnu-tools-for-stm32.10.3-2021.10.macos64_1.0.200.202301161003/tools/bin/../lib/gcc/arm-none-eabi/10.3.1/../../../../arm-none-eabi/lib/thumb/v7e-m+fp/hard/libc_nano.a(lib_a-stdio.o)
                0x0000000008004c14                __sread
 .text.__swrite
                0x0000000008004c36       0x38 /Applications/STM32CubeIDE.app/Contents/Eclipse/plugins/com.st.stm32cube.ide.mcu.externaltools.gnu-tools-for-stm32.10.3-2021.10.macos64_1.0.200.202301161003/tools/bin/../lib/gcc/arm-none-eabi/10.3.1/../../../../arm-none-eabi/lib/thumb/v7e-m+fp/hard/libc_nano.a(lib_a-stdio.o)
                0x0000000008004c36                __swrite
 .text.__sseek  0x0000000008004c6e       0x24 /Applications/STM32CubeIDE.app/Contents/Eclipse/plugins/com.st.stm32cube.ide.mcu.externaltools.gnu-tools-for-stm32.10.3-2021.10.macos64_1.0.200.202301161003/tools/bin/../lib/gcc/arm-none-eabi/10.3.1/../../../../arm-none-eabi/lib/thumb/v7e-m+fp/hard/libc_nano.a(lib_a-stdio.o)
                0x0000000008004c6e                __sseek
 .text.__sclose
                0x0000000008004c92        0x8 /Applications/STM32CubeIDE.app/Contents/Eclipse/plugins/com.st.stm32cube.ide.mcu.externaltools.gnu-tools-for-stm32.10.3-2021.10.macos64_1.0.200.202301161003/tools/bin/../lib/gcc/arm-none-eabi/10.3.1/../../../../arm-none-eabi/lib/thumb/v7e-m+fp/hard/libc_nano.a(lib_a-stdio.o)
                0x0000000008004c92                __sclose
 *fill*         0x0000000008004c9a        0x2 
 .text.__swbuf_r
                0x0000000008004c9c       0xa4 /Applications/STM32CubeIDE.app/Contents/Eclipse/plugins/com.st.stm32cube.ide.mcu.externaltools.gnu-tools-for-stm32.10.3-2021.10.macos64_1.0.200.202301161003/tools/bin/../lib/gcc/arm-none-eabi/10.3.1/../../../../arm-none-eabi/lib/thumb/v7e-m+fp/hard/libc_nano.a(lib_a-wbuf.o)
                0x0000000008004c9c                __swbuf_r
 .text._write_r
                0x0000000008004d40       0x24 /Applications/STM32CubeIDE.app/Contents/Eclipse/plugins/com.st.stm32cube.ide.mcu.externaltools.gnu-tools-for-stm32.10.3-2021.10.macos64_1.0.200.202301161003/tools/bin/../lib/gcc/arm-none-eabi/10.3.1/../../../../arm-none-eabi/lib/thumb/v7e-m+fp/hard/libc_nano.a(lib_a-writer.o)
                0x0000000008004d40                _write_r
 .text.__swsetup_r
                0x0000000008004d64       0xdc /Applications/STM32CubeIDE.app/Contents/Eclipse/plugins/com.st.stm32cube.ide.mcu.externaltools.gnu-tools-for-stm32.10.3-2021.10.macos64_1.0.200.202301161003/tools/bin/../lib/gcc/arm-none-eabi/10.3.1/../../../../arm-none-eabi/lib/thumb/v7e-m+fp/hard/libc_nano.a(lib_a-wsetup.o)
                0x0000000008004d64                __swsetup_r
 .text._close_r
                0x0000000008004e40       0x20 /Applications/STM32CubeIDE.app/Contents/Eclipse/plugins/com.st.stm32cube.ide.mcu.externaltools.gnu-tools-for-stm32.10.3-2021.10.macos64_1.0.200.202301161003/tools/bin/../lib/gcc/arm-none-eabi/10.3.1/../../../../arm-none-eabi/lib/thumb/v7e-m+fp/hard/libc_nano.a(lib_a-closer.o)
                0x0000000008004e40                _close_r
 .text.__sflush_r
                0x0000000008004e60      0x10c /Applications/STM32CubeIDE.app/Contents/Eclipse/plugins/com.st.stm32cube.ide.mcu.externaltools.gnu-tools-for-stm32.10.3-2021.10.macos64_1.0.200.202301161003/tools/bin/../lib/gcc/arm-none-eabi/10.3.1/../../../../arm-none-eabi/lib/thumb/v7e-m+fp/hard/libc_nano.a(lib_a-fflush.o)
                0x0000000008004e60                __sflush_r
 .text._fflush_r
                0x0000000008004f6c       0x78 /Applications/STM32CubeIDE.app/Contents/Eclipse/plugins/com.st.stm32cube.ide.mcu.externaltools.gnu-tools-for-stm32.10.3-2021.10.macos64_1.0.200.202301161003/tools/bin/../lib/gcc/arm-none-eabi/10.3.1/../../../../arm-none-eabi/lib/thumb/v7e-m+fp/hard/libc_nano.a(lib_a-fflush.o)
                0x0000000008004f6c                _fflush_r
 .text._lseek_r
                0x0000000008004fe4       0x24 /Applications/STM32CubeIDE.app/Contents/Eclipse/plugins/com.st.stm32cube.ide.mcu.externaltools.gnu-tools-for-stm32.10.3-2021.10.macos64_1.0.200.202301161003/tools/bin/../lib/gcc/arm-none-eabi/10.3.1/../../../../arm-none-eabi/lib/thumb/v7e-m+fp/hard/libc_nano.a(lib_a-lseekr.o)
                0x0000000008004fe4                _lseek_r
 .text.__swhatbuf_r
                0x0000000008005008       0x4a /Applications/STM32CubeIDE.app/Contents/Eclipse/plugins/com.st.stm32cube.ide.mcu.externaltools.gnu-tools-for-stm32.10.3-2021.10.macos64_1.0.200.202301161003/tools/bin/../lib/gcc/arm-none-eabi/10.3.1/../../../../arm-none-eabi/lib/thumb/v7e-m+fp/hard/libc_nano.a(lib_a-makebuf.o)
                0x0000000008005008                __swhatbuf_r
 *fill*         0x0000000008005052        0x2 
 .text.__smakebuf_r
                0x0000000008005054       0x80 /Applications/STM32CubeIDE.app/Contents/Eclipse/plugins/com.st.stm32cube.ide.mcu.externaltools.gnu-tools-for-stm32.10.3-2021.10.macos64_1.0.200.202301161003/tools/bin/../lib/gcc/arm-none-eabi/10.3.1/../../../../arm-none-eabi/lib/thumb/v7e-m+fp/hard/libc_nano.a(lib_a-makebuf.o)
                0x0000000008005054                __smakebuf_r
 .text.__malloc_lock
                0x00000000080050d4        0xc /Applications/STM32CubeIDE.app/Contents/Eclipse/plugins/com.st.stm32cube.ide.mcu.externaltools.gnu-tools-for-stm32.10.3-2021.10.macos64_1.0.200.202301161003/tools/bin/../lib/gcc/arm-none-eabi/10.3.1/../../../../arm-none-eabi/lib/thumb/v7e-m+fp/hard/libc_nano.a(lib_a-mlock.o)
                0x00000000080050d4                __malloc_lock
 .text.__malloc_unlock
                0x00000000080050e0        0xc /Applications/STM32CubeIDE.app/Contents/Eclipse/plugins/com.st.stm32cube.ide.mcu.externaltools.gnu-tools-for-stm32.10.3-2021.10.macos64_1.0.200.202301161003/tools/bin/../lib/gcc/arm-none-eabi/10.3.1/../../../../arm-none-eabi/lib/thumb/v7e-m+fp/hard/libc_nano.a(lib_a-mlock.o)
                0x00000000080050e0                __malloc_unlock
 .text._free_r  0x00000000080050ec       0x98 /Applications/STM32CubeIDE.app/Contents/Eclipse/plugins/com.st.stm32cube.ide.mcu.externaltools.gnu-tools-for-stm32.10.3-2021.10.macos64_1.0.200.202301161003/tools/bin/../lib/gcc/arm-none-eabi/10.3.1/../../../../arm-none-eabi/lib/thumb/v7e-m+fp/hard/libc_nano.a(lib_a-nano-freer.o)
                0x00000000080050ec                _free_r
 .text._read_r  0x0000000008005184       0x24 /Applications/STM32CubeIDE.app/Contents/Eclipse/plugins/com.st.stm32cube.ide.mcu.externaltools.gnu-tools-for-stm32.10.3-2021.10.macos64_1.0.200.202301161003/tools/bin/../lib/gcc/arm-none-eabi/10.3.1/../../../../arm-none-eabi/lib/thumb/v7e-m+fp/hard/libc_nano.a(lib_a-readr.o)
                0x0000000008005184                _read_r
 .text._fstat_r
                0x00000000080051a8       0x24 /Applications/STM32CubeIDE.app/Contents/Eclipse/plugins/com.st.stm32cube.ide.mcu.externaltools.gnu-tools-for-stm32.10.3-2021.10.macos64_1.0.200.202301161003/tools/bin/../lib/gcc/arm-none-eabi/10.3.1/../../../../arm-none-eabi/lib/thumb/v7e-m+fp/hard/libc_nano.a(lib_a-fstatr.o)
                0x00000000080051a8                _fstat_r
 .text._isatty_r
                0x00000000080051cc       0x20 /Applications/STM32CubeIDE.app/Contents/Eclipse/plugins/com.st.stm32cube.ide.mcu.externaltools.gnu-tools-for-stm32.10.3-2021.10.macos64_1.0.200.202301161003/tools/bin/../lib/gcc/arm-none-eabi/10.3.1/../../../../arm-none-eabi/lib/thumb/v7e-m+fp/hard/libc_nano.a(lib_a-isattyr.o)
                0x00000000080051cc                _isatty_r
 *(.glue_7)
 .glue_7        0x00000000080051ec        0x0 linker stubs
 *(.glue_7t)
 .glue_7t       0x00000000080051ec        0x0 linker stubs
 *(.eh_frame)
 .eh_frame      0x00000000080051ec        0x0 /Applications/STM32CubeIDE.app/Contents/Eclipse/plugins/com.st.stm32cube.ide.mcu.externaltools.gnu-tools-for-stm32.10.3-2021.10.macos64_1.0.200.202301161003/tools/bin/../lib/gcc/arm-none-eabi/10.3.1/thumb/v7e-m+fp/hard/crtbegin.o
 *(.init)
 .init          0x00000000080051ec        0x4 /Applications/STM32CubeIDE.app/Contents/Eclipse/plugins/com.st.stm32cube.ide.mcu.externaltools.gnu-tools-for-stm32.10.3-2021.10.macos64_1.0.200.202301161003/tools/bin/../lib/gcc/arm-none-eabi/10.3.1/thumb/v7e-m+fp/hard/crti.o
                0x00000000080051ec                _init
 .init          0x00000000080051f0        0x8 /Applications/STM32CubeIDE.app/Contents/Eclipse/plugins/com.st.stm32cube.ide.mcu.externaltools.gnu-tools-for-stm32.10.3-2021.10.macos64_1.0.200.202301161003/tools/bin/../lib/gcc/arm-none-eabi/10.3.1/thumb/v7e-m+fp/hard/crtn.o
 *(.fini)
 .fini          0x00000000080051f8        0x4 /Applications/STM32CubeIDE.app/Contents/Eclipse/plugins/com.st.stm32cube.ide.mcu.externaltools.gnu-tools-for-stm32.10.3-2021.10.macos64_1.0.200.202301161003/tools/bin/../lib/gcc/arm-none-eabi/10.3.1/thumb/v7e-m+fp/hard/crti.o
                0x00000000080051f8                _fini
 .fini          0x00000000080051fc        0x8 /Applications/STM32CubeIDE.app/Contents/Eclipse/plugins/com.st.stm32cube.ide.mcu.externaltools.gnu-tools-for-stm32.10.3-2021.10.macos64_1.0.200.202301161003/tools/bin/../lib/gcc/arm-none-eabi/10.3.1/thumb/v7e-m+fp/hard/crtn.o
                0x0000000008005204                . = ALIGN (0x4)
                0x0000000008005204                _etext = .

.vfp11_veneer   0x0000000008005204        0x0
 .vfp11_veneer  0x0000000008005204        0x0 linker stubs

.v4_bx          0x0000000008005204        0x0
 .v4_bx         0x0000000008005204        0x0 linker stubs

.iplt           0x0000000008005204        0x0
 .iplt          0x0000000008005204        0x0 /Applications/STM32CubeIDE.app/Contents/Eclipse/plugins/com.st.stm32cube.ide.mcu.externaltools.gnu-tools-for-stm32.10.3-2021.10.macos64_1.0.200.202301161003/tools/bin/../lib/gcc/arm-none-eabi/10.3.1/thumb/v7e-m+fp/hard/crtbegin.o

.rodata         0x0000000008005204      0x1c4
                0x0000000008005204                . = ALIGN (0x4)
 *(.rodata)
 .rodata        0x0000000008005204        0xd ./BlueNRG-2/Target/hci_tl_interface.o
 *fill*         0x0000000008005211        0x3 
 .rodata        0x0000000008005214       0xe1 ./Core/Src/app_bluenrg.o
 *fill*         0x00000000080052f5        0x3 
 .rodata        0x00000000080052f8       0x1f ./Core/Src/main.o
 *(.rodata*)
 *fill*         0x0000000008005317        0x1 
 .rodata.AHBPrescTable
                0x0000000008005318       0x10 ./Core/Src/system_stm32f4xx.o
                0x0000000008005318                AHBPrescTable
 .rodata.APBPrescTable
                0x0000000008005328        0x8 ./Core/Src/system_stm32f4xx.o
                0x0000000008005328                APBPrescTable
 .rodata._global_impure_ptr
                0x0000000008005330        0x4 /Applications/STM32CubeIDE.app/Contents/Eclipse/plugins/com.st.stm32cube.ide.mcu.externaltools.gnu-tools-for-stm32.10.3-2021.10.macos64_1.0.200.202301161003/tools/bin/../lib/gcc/arm-none-eabi/10.3.1/../../../../arm-none-eabi/lib/thumb/v7e-m+fp/hard/libc_nano.a(lib_a-impure.o)
                0x0000000008005330                _global_impure_ptr
 .rodata.__sf_fake_stderr
                0x0000000008005334       0x20 /Applications/STM32CubeIDE.app/Contents/Eclipse/plugins/com.st.stm32cube.ide.mcu.externaltools.gnu-tools-for-stm32.10.3-2021.10.macos64_1.0.200.202301161003/tools/bin/../lib/gcc/arm-none-eabi/10.3.1/../../../../arm-none-eabi/lib/thumb/v7e-m+fp/hard/libc_nano.a(lib_a-findfp.o)
                0x0000000008005334                __sf_fake_stderr
 .rodata.__sf_fake_stdin
                0x0000000008005354       0x20 /Applications/STM32CubeIDE.app/Contents/Eclipse/plugins/com.st.stm32cube.ide.mcu.externaltools.gnu-tools-for-stm32.10.3-2021.10.macos64_1.0.200.202301161003/tools/bin/../lib/gcc/arm-none-eabi/10.3.1/../../../../arm-none-eabi/lib/thumb/v7e-m+fp/hard/libc_nano.a(lib_a-findfp.o)
                0x0000000008005354                __sf_fake_stdin
 .rodata.__sf_fake_stdout
                0x0000000008005374       0x20 /Applications/STM32CubeIDE.app/Contents/Eclipse/plugins/com.st.stm32cube.ide.mcu.externaltools.gnu-tools-for-stm32.10.3-2021.10.macos64_1.0.200.202301161003/tools/bin/../lib/gcc/arm-none-eabi/10.3.1/../../../../arm-none-eabi/lib/thumb/v7e-m+fp/hard/libc_nano.a(lib_a-findfp.o)
                0x0000000008005374                __sf_fake_stdout
 .rodata._vfprintf_r.str1.1
                0x0000000008005394       0x11 /Applications/STM32CubeIDE.app/Contents/Eclipse/plugins/com.st.stm32cube.ide.mcu.externaltools.gnu-tools-for-stm32.10.3-2021.10.macos64_1.0.200.202301161003/tools/bin/../lib/gcc/arm-none-eabi/10.3.1/../../../../arm-none-eabi/lib/thumb/v7e-m+fp/hard/libc_nano.a(lib_a-nano-vfprintf.o)
 .rodata._printf_i.str1.1
                0x00000000080053a5       0x22 /Applications/STM32CubeIDE.app/Contents/Eclipse/plugins/com.st.stm32cube.ide.mcu.externaltools.gnu-tools-for-stm32.10.3-2021.10.macos64_1.0.200.202301161003/tools/bin/../lib/gcc/arm-none-eabi/10.3.1/../../../../arm-none-eabi/lib/thumb/v7e-m+fp/hard/libc_nano.a(lib_a-nano-vfprintf_i.o)
                0x00000000080053c8                . = ALIGN (0x4)
 *fill*         0x00000000080053c7        0x1 

.ARM.extab      0x00000000080053c8        0x0
                0x00000000080053c8                . = ALIGN (0x4)
 *(.ARM.extab* .gnu.linkonce.armextab.*)
                0x00000000080053c8                . = ALIGN (0x4)

.ARM            0x00000000080053c8        0x8
                0x00000000080053c8                . = ALIGN (0x4)
                0x00000000080053c8                __exidx_start = .
 *(.ARM.exidx*)
 .ARM.exidx     0x00000000080053c8        0x8 /Applications/STM32CubeIDE.app/Contents/Eclipse/plugins/com.st.stm32cube.ide.mcu.externaltools.gnu-tools-for-stm32.10.3-2021.10.macos64_1.0.200.202301161003/tools/bin/../lib/gcc/arm-none-eabi/10.3.1/thumb/v7e-m+fp/hard/libgcc.a(_udivmoddi4.o)
                0x00000000080053d0                __exidx_end = .
                0x00000000080053d0                . = ALIGN (0x4)

.rel.dyn        0x00000000080053d0        0x0
 .rel.iplt      0x00000000080053d0        0x0 /Applications/STM32CubeIDE.app/Contents/Eclipse/plugins/com.st.stm32cube.ide.mcu.externaltools.gnu-tools-for-stm32.10.3-2021.10.macos64_1.0.200.202301161003/tools/bin/../lib/gcc/arm-none-eabi/10.3.1/thumb/v7e-m+fp/hard/crtbegin.o

.preinit_array  0x00000000080053d0        0x0
                0x00000000080053d0                . = ALIGN (0x4)
                0x00000000080053d0                PROVIDE (__preinit_array_start = .)
 *(.preinit_array*)
                0x00000000080053d0                PROVIDE (__preinit_array_end = .)
                0x00000000080053d0                . = ALIGN (0x4)

.init_array     0x00000000080053d0        0x4
                0x00000000080053d0                . = ALIGN (0x4)
                0x00000000080053d0                PROVIDE (__init_array_start = .)
 *(SORT_BY_NAME(.init_array.*))
 *(.init_array*)
 .init_array    0x00000000080053d0        0x4 /Applications/STM32CubeIDE.app/Contents/Eclipse/plugins/com.st.stm32cube.ide.mcu.externaltools.gnu-tools-for-stm32.10.3-2021.10.macos64_1.0.200.202301161003/tools/bin/../lib/gcc/arm-none-eabi/10.3.1/thumb/v7e-m+fp/hard/crtbegin.o
                0x00000000080053d4                PROVIDE (__init_array_end = .)
                0x00000000080053d4                . = ALIGN (0x4)

.fini_array     0x00000000080053d4        0x4
                0x00000000080053d4                . = ALIGN (0x4)
                [!provide]                        PROVIDE (__fini_array_start = .)
 *(SORT_BY_NAME(.fini_array.*))
 *(.fini_array*)
 .fini_array    0x00000000080053d4        0x4 /Applications/STM32CubeIDE.app/Contents/Eclipse/plugins/com.st.stm32cube.ide.mcu.externaltools.gnu-tools-for-stm32.10.3-2021.10.macos64_1.0.200.202301161003/tools/bin/../lib/gcc/arm-none-eabi/10.3.1/thumb/v7e-m+fp/hard/crtbegin.o
                [!provide]                        PROVIDE (__fini_array_end = .)
                0x00000000080053d8                . = ALIGN (0x4)
                0x00000000080053d8                _sidata = LOADADDR (.data)

.data           0x0000000020000000       0x88 load address 0x00000000080053d8
                0x0000000020000000                . = ALIGN (0x4)
                0x0000000020000000                _sdata = .
 *(.data)
 *(.data*)
 .data.SERVER_BDADDR
                0x0000000020000000        0x6 ./Core/Src/app_bluenrg.o
                0x0000000020000000                SERVER_BDADDR
 *fill*         0x0000000020000006        0x2 
 .data.SERVICE_UUID
                0x0000000020000008       0x10 ./Core/Src/service.o
                0x0000000020000008                SERVICE_UUID
 .data.SystemCoreClock
                0x0000000020000018        0x4 ./Core/Src/system_stm32f4xx.o
                0x0000000020000018                SystemCoreClock
 .data.uwTickPrio
                0x000000002000001c        0x4 ./Drivers/STM32F4xx_HAL_Driver/Src/stm32f4xx_hal.o
                0x000000002000001c                uwTickPrio
 .data.uwTickFreq
                0x0000000020000020        0x1 ./Drivers/STM32F4xx_HAL_Driver/Src/stm32f4xx_hal.o
                0x0000000020000020                uwTickFreq
 *fill*         0x0000000020000021        0x3 
 .data._impure_ptr
                0x0000000020000024        0x4 /Applications/STM32CubeIDE.app/Contents/Eclipse/plugins/com.st.stm32cube.ide.mcu.externaltools.gnu-tools-for-stm32.10.3-2021.10.macos64_1.0.200.202301161003/tools/bin/../lib/gcc/arm-none-eabi/10.3.1/../../../../arm-none-eabi/lib/thumb/v7e-m+fp/hard/libc_nano.a(lib_a-impure.o)
                0x0000000020000024                _impure_ptr
 .data.impure_data
                0x0000000020000028       0x60 /Applications/STM32CubeIDE.app/Contents/Eclipse/plugins/com.st.stm32cube.ide.mcu.externaltools.gnu-tools-for-stm32.10.3-2021.10.macos64_1.0.200.202301161003/tools/bin/../lib/gcc/arm-none-eabi/10.3.1/../../../../arm-none-eabi/lib/thumb/v7e-m+fp/hard/libc_nano.a(lib_a-impure.o)
 *(.RamFunc)
 *(.RamFunc*)
                0x0000000020000088                . = ALIGN (0x4)
                0x0000000020000088                _edata = .

.igot.plt       0x0000000020000088        0x0 load address 0x0000000008005460
 .igot.plt      0x0000000020000088        0x0 /Applications/STM32CubeIDE.app/Contents/Eclipse/plugins/com.st.stm32cube.ide.mcu.externaltools.gnu-tools-for-stm32.10.3-2021.10.macos64_1.0.200.202301161003/tools/bin/../lib/gcc/arm-none-eabi/10.3.1/thumb/v7e-m+fp/hard/crtbegin.o
                0x0000000020000088                . = ALIGN (0x4)

.bss            0x0000000020000088      0x788 load address 0x0000000008005460
                0x0000000020000088                _sbss = .
                0x0000000020000088                __bss_start__ = _sbss
 *(.bss)
 .bss           0x0000000020000088       0x1c /Applications/STM32CubeIDE.app/Contents/Eclipse/plugins/com.st.stm32cube.ide.mcu.externaltools.gnu-tools-for-stm32.10.3-2021.10.macos64_1.0.200.202301161003/tools/bin/../lib/gcc/arm-none-eabi/10.3.1/thumb/v7e-m+fp/hard/crtbegin.o
 *(.bss*)
 .bss.hexti0    0x00000000200000a4        0x8 ./BlueNRG-2/Target/hci_tl_interface.o
                0x00000000200000a4                hexti0
 .bss.read_char_buf.0
                0x00000000200000ac       0xff ./BlueNRG-2/Target/hci_tl_interface.o
 *fill*         0x00000000200001ab        0x1 
 .bss.huart2    0x00000000200001ac       0x44 ./Core/Src/main.o
                0x00000000200001ac                huart2
 .bss.my_service_handle
                0x00000000200001f0        0x2 ./Core/Src/service.o
                0x00000000200001f0                my_service_handle
 *fill*         0x00000000200001f2        0x2 
 .bss.hspi1     0x00000000200001f4       0x58 ./Core/Src/stm32f4xx_nucleo_bus.o
                0x00000000200001f4                hspi1
 .bss.SPI1InitCounter
                0x000000002000024c        0x4 ./Core/Src/stm32f4xx_nucleo_bus.o
 .bss.__sbrk_heap_end
                0x0000000020000250        0x4 ./Core/Src/sysmem.o
 .bss.uwTick    0x0000000020000254        0x4 ./Drivers/STM32F4xx_HAL_Driver/Src/stm32f4xx_hal.o
                0x0000000020000254                uwTick
 .bss.hciReadPktPool
                0x0000000020000258        0x8 ./Middlewares/ST/BlueNRG-2/hci/hci_tl_patterns/Basic/hci_tl.o
                0x0000000020000258                hciReadPktPool
 .bss.hciReadPktRxQueue
                0x0000000020000260        0x8 ./Middlewares/ST/BlueNRG-2/hci/hci_tl_patterns/Basic/hci_tl.o
                0x0000000020000260                hciReadPktRxQueue
 .bss.hciReadPacketBuffer
                0x0000000020000268      0x578 ./Middlewares/ST/BlueNRG-2/hci/hci_tl_patterns/Basic/hci_tl.o
 .bss.hciContext
                0x00000000200007e0       0x20 ./Middlewares/ST/BlueNRG-2/hci/hci_tl_patterns/Basic/hci_tl.o
 .bss.__lock___malloc_recursive_mutex
                0x0000000020000800        0x1 /Applications/STM32CubeIDE.app/Contents/Eclipse/plugins/com.st.stm32cube.ide.mcu.externaltools.gnu-tools-for-stm32.10.3-2021.10.macos64_1.0.200.202301161003/tools/bin/../lib/gcc/arm-none-eabi/10.3.1/../../../../arm-none-eabi/lib/thumb/v7e-m+fp/hard/libc_nano.a(lib_a-lock.o)
                0x0000000020000800                __lock___malloc_recursive_mutex
 .bss.__lock___sfp_recursive_mutex
                0x0000000020000801        0x1 /Applications/STM32CubeIDE.app/Contents/Eclipse/plugins/com.st.stm32cube.ide.mcu.externaltools.gnu-tools-for-stm32.10.3-2021.10.macos64_1.0.200.202301161003/tools/bin/../lib/gcc/arm-none-eabi/10.3.1/../../../../arm-none-eabi/lib/thumb/v7e-m+fp/hard/libc_nano.a(lib_a-lock.o)
                0x0000000020000801                __lock___sfp_recursive_mutex
 .bss.__lock___sinit_recursive_mutex
                0x0000000020000802        0x1 /Applications/STM32CubeIDE.app/Contents/Eclipse/plugins/com.st.stm32cube.ide.mcu.externaltools.gnu-tools-for-stm32.10.3-2021.10.macos64_1.0.200.202301161003/tools/bin/../lib/gcc/arm-none-eabi/10.3.1/../../../../arm-none-eabi/lib/thumb/v7e-m+fp/hard/libc_nano.a(lib_a-lock.o)
                0x0000000020000802                __lock___sinit_recursive_mutex
 *fill*         0x0000000020000803        0x1 
 .bss.__malloc_free_list
                0x0000000020000804        0x4 /Applications/STM32CubeIDE.app/Contents/Eclipse/plugins/com.st.stm32cube.ide.mcu.externaltools.gnu-tools-for-stm32.10.3-2021.10.macos64_1.0.200.202301161003/tools/bin/../lib/gcc/arm-none-eabi/10.3.1/../../../../arm-none-eabi/lib/thumb/v7e-m+fp/hard/libc_nano.a(lib_a-nano-mallocr.o)
                0x0000000020000804                __malloc_free_list
 .bss.__malloc_sbrk_start
                0x0000000020000808        0x4 /Applications/STM32CubeIDE.app/Contents/Eclipse/plugins/com.st.stm32cube.ide.mcu.externaltools.gnu-tools-for-stm32.10.3-2021.10.macos64_1.0.200.202301161003/tools/bin/../lib/gcc/arm-none-eabi/10.3.1/../../../../arm-none-eabi/lib/thumb/v7e-m+fp/hard/libc_nano.a(lib_a-nano-mallocr.o)
                0x0000000020000808                __malloc_sbrk_start
 .bss.errno     0x000000002000080c        0x4 /Applications/STM32CubeIDE.app/Contents/Eclipse/plugins/com.st.stm32cube.ide.mcu.externaltools.gnu-tools-for-stm32.10.3-2021.10.macos64_1.0.200.202301161003/tools/bin/../lib/gcc/arm-none-eabi/10.3.1/../../../../arm-none-eabi/lib/thumb/v7e-m+fp/hard/libc_nano.a(lib_a-reent.o)
                0x000000002000080c                errno
 *(COMMON)
                0x0000000020000810                . = ALIGN (0x4)
                0x0000000020000810                _ebss = .
                0x0000000020000810                __bss_end__ = _ebss

._user_heap_stack
                0x0000000020000810      0x600 load address 0x0000000008005460
                0x0000000020000810                . = ALIGN (0x8)
                [!provide]                        PROVIDE (end = .)
                0x0000000020000810                PROVIDE (_end = .)
                0x0000000020000a10                . = (. + _Min_Heap_Size)
 *fill*         0x0000000020000810      0x200 
                0x0000000020000e10                . = (. + _Min_Stack_Size)
 *fill*         0x0000000020000a10      0x400 
                0x0000000020000e10                . = ALIGN (0x8)

/DISCARD/
 libc.a(*)
 libm.a(*)
 libgcc.a(*)

.ARM.attributes
                0x0000000000000000       0x30
 *(.ARM.attributes)
 .ARM.attributes
                0x0000000000000000       0x1e /Applications/STM32CubeIDE.app/Contents/Eclipse/plugins/com.st.stm32cube.ide.mcu.externaltools.gnu-tools-for-stm32.10.3-2021.10.macos64_1.0.200.202301161003/tools/bin/../lib/gcc/arm-none-eabi/10.3.1/thumb/v7e-m+fp/hard/crti.o
 .ARM.attributes
                0x000000000000001e       0x34 /Applications/STM32CubeIDE.app/Contents/Eclipse/plugins/com.st.stm32cube.ide.mcu.externaltools.gnu-tools-for-stm32.10.3-2021.10.macos64_1.0.200.202301161003/tools/bin/../lib/gcc/arm-none-eabi/10.3.1/thumb/v7e-m+fp/hard/crtbegin.o
 .ARM.attributes
                0x0000000000000052       0x34 ./BlueNRG-2/Target/hci_tl_interface.o
 .ARM.attributes
                0x0000000000000086       0x34 ./Core/Src/app_bluenrg.o
 .ARM.attributes
                0x00000000000000ba       0x34 ./Core/Src/main.o
 .ARM.attributes
                0x00000000000000ee       0x34 ./Core/Src/service.o
 .ARM.attributes
                0x0000000000000122       0x34 ./Core/Src/stm32f4xx_hal_msp.o
 .ARM.attributes
                0x0000000000000156       0x34 ./Core/Src/stm32f4xx_it.o
 .ARM.attributes
                0x000000000000018a       0x34 ./Core/Src/stm32f4xx_nucleo_bus.o
 .ARM.attributes
                0x00000000000001be       0x34 ./Core/Src/syscalls.o
 .ARM.attributes
                0x00000000000001f2       0x34 ./Core/Src/sysmem.o
 .ARM.attributes
                0x0000000000000226       0x34 ./Core/Src/system_stm32f4xx.o
 .ARM.attributes
                0x000000000000025a       0x21 ./Core/Startup/startup_stm32f411retx.o
 .ARM.attributes
                0x000000000000027b       0x34 ./Drivers/STM32F4xx_HAL_Driver/Src/stm32f4xx_hal.o
 .ARM.attributes
                0x00000000000002af       0x34 ./Drivers/STM32F4xx_HAL_Driver/Src/stm32f4xx_hal_cortex.o
 .ARM.attributes
                0x00000000000002e3       0x34 ./Drivers/STM32F4xx_HAL_Driver/Src/stm32f4xx_hal_exti.o
 .ARM.attributes
                0x0000000000000317       0x34 ./Drivers/STM32F4xx_HAL_Driver/Src/stm32f4xx_hal_gpio.o
 .ARM.attributes
                0x000000000000034b       0x34 ./Drivers/STM32F4xx_HAL_Driver/Src/stm32f4xx_hal_rcc.o
 .ARM.attributes
                0x000000000000037f       0x34 ./Drivers/STM32F4xx_HAL_Driver/Src/stm32f4xx_hal_spi.o
 .ARM.attributes
                0x00000000000003b3       0x34 ./Drivers/STM32F4xx_HAL_Driver/Src/stm32f4xx_hal_uart.o
 .ARM.attributes
                0x00000000000003e7       0x34 ./Middlewares/ST/BlueNRG-2/hci/bluenrg1_hci_le.o
 .ARM.attributes
                0x000000000000041b       0x34 ./Middlewares/ST/BlueNRG-2/hci/controller/bluenrg1_gap_aci.o
 .ARM.attributes
                0x000000000000044f       0x34 ./Middlewares/ST/BlueNRG-2/hci/controller/bluenrg1_gatt_aci.o
 .ARM.attributes
                0x0000000000000483       0x34 ./Middlewares/ST/BlueNRG-2/hci/controller/bluenrg1_hal_aci.o
 .ARM.attributes
                0x00000000000004b7       0x34 ./Middlewares/ST/BlueNRG-2/hci/hci_tl_patterns/Basic/hci_tl.o
 .ARM.attributes
                0x00000000000004eb       0x34 ./Middlewares/ST/BlueNRG-2/utils/ble_list.o
 .ARM.attributes
                0x000000000000051f       0x34 /Applications/STM32CubeIDE.app/Contents/Eclipse/plugins/com.st.stm32cube.ide.mcu.externaltools.gnu-tools-for-stm32.10.3-2021.10.macos64_1.0.200.202301161003/tools/bin/../lib/gcc/arm-none-eabi/10.3.1/../../../../arm-none-eabi/lib/thumb/v7e-m+fp/hard/libc_nano.a(lib_a-errno.o)
 .ARM.attributes
                0x0000000000000553       0x34 /Applications/STM32CubeIDE.app/Contents/Eclipse/plugins/com.st.stm32cube.ide.mcu.externaltools.gnu-tools-for-stm32.10.3-2021.10.macos64_1.0.200.202301161003/tools/bin/../lib/gcc/arm-none-eabi/10.3.1/../../../../arm-none-eabi/lib/thumb/v7e-m+fp/hard/libc_nano.a(lib_a-impure.o)
 .ARM.attributes
                0x0000000000000587       0x34 /Applications/STM32CubeIDE.app/Contents/Eclipse/plugins/com.st.stm32cube.ide.mcu.externaltools.gnu-tools-for-stm32.10.3-2021.10.macos64_1.0.200.202301161003/tools/bin/../lib/gcc/arm-none-eabi/10.3.1/../../../../arm-none-eabi/lib/thumb/v7e-m+fp/hard/libc_nano.a(lib_a-init.o)
 .ARM.attributes
                0x00000000000005bb       0x34 /Applications/STM32CubeIDE.app/Contents/Eclipse/plugins/com.st.stm32cube.ide.mcu.externaltools.gnu-tools-for-stm32.10.3-2021.10.macos64_1.0.200.202301161003/tools/bin/../lib/gcc/arm-none-eabi/10.3.1/../../../../arm-none-eabi/lib/thumb/v7e-m+fp/hard/libc_nano.a(lib_a-memcpy-stub.o)
 .ARM.attributes
                0x00000000000005ef       0x34 /Applications/STM32CubeIDE.app/Contents/Eclipse/plugins/com.st.stm32cube.ide.mcu.externaltools.gnu-tools-for-stm32.10.3-2021.10.macos64_1.0.200.202301161003/tools/bin/../lib/gcc/arm-none-eabi/10.3.1/../../../../arm-none-eabi/lib/thumb/v7e-m+fp/hard/libc_nano.a(lib_a-memset.o)
 .ARM.attributes
                0x0000000000000623       0x34 /Applications/STM32CubeIDE.app/Contents/Eclipse/plugins/com.st.stm32cube.ide.mcu.externaltools.gnu-tools-for-stm32.10.3-2021.10.macos64_1.0.200.202301161003/tools/bin/../lib/gcc/arm-none-eabi/10.3.1/../../../../arm-none-eabi/lib/thumb/v7e-m+fp/hard/libc_nano.a(lib_a-printf.o)
 .ARM.attributes
                0x0000000000000657       0x17 /Applications/STM32CubeIDE.app/Contents/Eclipse/plugins/com.st.stm32cube.ide.mcu.externaltools.gnu-tools-for-stm32.10.3-2021.10.macos64_1.0.200.202301161003/tools/bin/../lib/gcc/arm-none-eabi/10.3.1/../../../../arm-none-eabi/lib/thumb/v7e-m+fp/hard/libc_nano.a(lib_a-strlen.o)
 .ARM.attributes
                0x000000000000066e       0x34 /Applications/STM32CubeIDE.app/Contents/Eclipse/plugins/com.st.stm32cube.ide.mcu.externaltools.gnu-tools-for-stm32.10.3-2021.10.macos64_1.0.200.202301161003/tools/bin/../lib/gcc/arm-none-eabi/10.3.1/../../../../arm-none-eabi/lib/thumb/v7e-m+fp/hard/libc_nano.a(lib_a-findfp.o)
 .ARM.attributes
                0x00000000000006a2       0x34 /Applications/STM32CubeIDE.app/Contents/Eclipse/plugins/com.st.stm32cube.ide.mcu.externaltools.gnu-tools-for-stm32.10.3-2021.10.macos64_1.0.200.202301161003/tools/bin/../lib/gcc/arm-none-eabi/10.3.1/../../../../arm-none-eabi/lib/thumb/v7e-m+fp/hard/libc_nano.a(lib_a-fwalk.o)
 .ARM.attributes
                0x00000000000006d6       0x34 /Applications/STM32CubeIDE.app/Contents/Eclipse/plugins/com.st.stm32cube.ide.mcu.externaltools.gnu-tools-for-stm32.10.3-2021.10.macos64_1.0.200.202301161003/tools/bin/../lib/gcc/arm-none-eabi/10.3.1/../../../../arm-none-eabi/lib/thumb/v7e-m+fp/hard/libc_nano.a(lib_a-lock.o)
 .ARM.attributes
                0x000000000000070a       0x34 /Applications/STM32CubeIDE.app/Contents/Eclipse/plugins/com.st.stm32cube.ide.mcu.externaltools.gnu-tools-for-stm32.10.3-2021.10.macos64_1.0.200.202301161003/tools/bin/../lib/gcc/arm-none-eabi/10.3.1/../../../../arm-none-eabi/lib/thumb/v7e-m+fp/hard/libc_nano.a(lib_a-nano-mallocr.o)
 .ARM.attributes
                0x000000000000073e       0x34 /Applications/STM32CubeIDE.app/Contents/Eclipse/plugins/com.st.stm32cube.ide.mcu.externaltools.gnu-tools-for-stm32.10.3-2021.10.macos64_1.0.200.202301161003/tools/bin/../lib/gcc/arm-none-eabi/10.3.1/../../../../arm-none-eabi/lib/thumb/v7e-m+fp/hard/libc_nano.a(lib_a-nano-vfprintf.o)
 .ARM.attributes
                0x0000000000000772       0x34 /Applications/STM32CubeIDE.app/Contents/Eclipse/plugins/com.st.stm32cube.ide.mcu.externaltools.gnu-tools-for-stm32.10.3-2021.10.macos64_1.0.200.202301161003/tools/bin/../lib/gcc/arm-none-eabi/10.3.1/../../../../arm-none-eabi/lib/thumb/v7e-m+fp/hard/libc_nano.a(lib_a-nano-vfprintf_i.o)
 .ARM.attributes
                0x00000000000007a6       0x34 /Applications/STM32CubeIDE.app/Contents/Eclipse/plugins/com.st.stm32cube.ide.mcu.externaltools.gnu-tools-for-stm32.10.3-2021.10.macos64_1.0.200.202301161003/tools/bin/../lib/gcc/arm-none-eabi/10.3.1/../../../../arm-none-eabi/lib/thumb/v7e-m+fp/hard/libc_nano.a(lib_a-sbrkr.o)
 .ARM.attributes
                0x00000000000007da       0x34 /Applications/STM32CubeIDE.app/Contents/Eclipse/plugins/com.st.stm32cube.ide.mcu.externaltools.gnu-tools-for-stm32.10.3-2021.10.macos64_1.0.200.202301161003/tools/bin/../lib/gcc/arm-none-eabi/10.3.1/../../../../arm-none-eabi/lib/thumb/v7e-m+fp/hard/libc_nano.a(lib_a-stdio.o)
 .ARM.attributes
                0x000000000000080e       0x34 /Applications/STM32CubeIDE.app/Contents/Eclipse/plugins/com.st.stm32cube.ide.mcu.externaltools.gnu-tools-for-stm32.10.3-2021.10.macos64_1.0.200.202301161003/tools/bin/../lib/gcc/arm-none-eabi/10.3.1/../../../../arm-none-eabi/lib/thumb/v7e-m+fp/hard/libc_nano.a(lib_a-wbuf.o)
 .ARM.attributes
                0x0000000000000842       0x34 /Applications/STM32CubeIDE.app/Contents/Eclipse/plugins/com.st.stm32cube.ide.mcu.externaltools.gnu-tools-for-stm32.10.3-2021.10.macos64_1.0.200.202301161003/tools/bin/../lib/gcc/arm-none-eabi/10.3.1/../../../../arm-none-eabi/lib/thumb/v7e-m+fp/hard/libc_nano.a(lib_a-writer.o)
 .ARM.attributes
                0x0000000000000876       0x34 /Applications/STM32CubeIDE.app/Contents/Eclipse/plugins/com.st.stm32cube.ide.mcu.externaltools.gnu-tools-for-stm32.10.3-2021.10.macos64_1.0.200.202301161003/tools/bin/../lib/gcc/arm-none-eabi/10.3.1/../../../../arm-none-eabi/lib/thumb/v7e-m+fp/hard/libc_nano.a(lib_a-wsetup.o)
 .ARM.attributes
                0x00000000000008aa       0x34 /Applications/STM32CubeIDE.app/Contents/Eclipse/plugins/com.st.stm32cube.ide.mcu.externaltools.gnu-tools-for-stm32.10.3-2021.10.macos64_1.0.200.202301161003/tools/bin/../lib/gcc/arm-none-eabi/10.3.1/../../../../arm-none-eabi/lib/thumb/v7e-m+fp/hard/libc_nano.a(lib_a-closer.o)
 .ARM.attributes
                0x00000000000008de       0x34 /Applications/STM32CubeIDE.app/Contents/Eclipse/plugins/com.st.stm32cube.ide.mcu.externaltools.gnu-tools-for-stm32.10.3-2021.10.macos64_1.0.200.202301161003/tools/bin/../lib/gcc/arm-none-eabi/10.3.1/../../../../arm-none-eabi/lib/thumb/v7e-m+fp/hard/libc_nano.a(lib_a-fflush.o)
 .ARM.attributes
                0x0000000000000912       0x34 /Applications/STM32CubeIDE.app/Contents/Eclipse/plugins/com.st.stm32cube.ide.mcu.externaltools.gnu-tools-for-stm32.10.3-2021.10.macos64_1.0.200.202301161003/tools/bin/../lib/gcc/arm-none-eabi/10.3.1/../../../../arm-none-eabi/lib/thumb/v7e-m+fp/hard/libc_nano.a(lib_a-lseekr.o)
 .ARM.attributes
                0x0000000000000946       0x34 /Applications/STM32CubeIDE.app/Contents/Eclipse/plugins/com.st.stm32cube.ide.mcu.externaltools.gnu-tools-for-stm32.10.3-2021.10.macos64_1.0.200.202301161003/tools/bin/../lib/gcc/arm-none-eabi/10.3.1/../../../../arm-none-eabi/lib/thumb/v7e-m+fp/hard/libc_nano.a(lib_a-makebuf.o)
 .ARM.attributes
                0x000000000000097a       0x1c /Applications/STM32CubeIDE.app/Contents/Eclipse/plugins/com.st.stm32cube.ide.mcu.externaltools.gnu-tools-for-stm32.10.3-2021.10.macos64_1.0.200.202301161003/tools/bin/../lib/gcc/arm-none-eabi/10.3.1/../../../../arm-none-eabi/lib/thumb/v7e-m+fp/hard/libc_nano.a(lib_a-memchr.o)
 .ARM.attributes
                0x0000000000000996       0x34 /Applications/STM32CubeIDE.app/Contents/Eclipse/plugins/com.st.stm32cube.ide.mcu.externaltools.gnu-tools-for-stm32.10.3-2021.10.macos64_1.0.200.202301161003/tools/bin/../lib/gcc/arm-none-eabi/10.3.1/../../../../arm-none-eabi/lib/thumb/v7e-m+fp/hard/libc_nano.a(lib_a-mlock.o)
 .ARM.attributes
                0x00000000000009ca       0x34 /Applications/STM32CubeIDE.app/Contents/Eclipse/plugins/com.st.stm32cube.ide.mcu.externaltools.gnu-tools-for-stm32.10.3-2021.10.macos64_1.0.200.202301161003/tools/bin/../lib/gcc/arm-none-eabi/10.3.1/../../../../arm-none-eabi/lib/thumb/v7e-m+fp/hard/libc_nano.a(lib_a-nano-freer.o)
 .ARM.attributes
                0x00000000000009fe       0x34 /Applications/STM32CubeIDE.app/Contents/Eclipse/plugins/com.st.stm32cube.ide.mcu.externaltools.gnu-tools-for-stm32.10.3-2021.10.macos64_1.0.200.202301161003/tools/bin/../lib/gcc/arm-none-eabi/10.3.1/../../../../arm-none-eabi/lib/thumb/v7e-m+fp/hard/libc_nano.a(lib_a-readr.o)
 .ARM.attributes
                0x0000000000000a32       0x34 /Applications/STM32CubeIDE.app/Contents/Eclipse/plugins/com.st.stm32cube.ide.mcu.externaltools.gnu-tools-for-stm32.10.3-2021.10.macos64_1.0.200.202301161003/tools/bin/../lib/gcc/arm-none-eabi/10.3.1/../../../../arm-none-eabi/lib/thumb/v7e-m+fp/hard/libc_nano.a(lib_a-reent.o)
 .ARM.attributes
                0x0000000000000a66       0x34 /Applications/STM32CubeIDE.app/Contents/Eclipse/plugins/com.st.stm32cube.ide.mcu.externaltools.gnu-tools-for-stm32.10.3-2021.10.macos64_1.0.200.202301161003/tools/bin/../lib/gcc/arm-none-eabi/10.3.1/../../../../arm-none-eabi/lib/thumb/v7e-m+fp/hard/libc_nano.a(lib_a-fstatr.o)
 .ARM.attributes
                0x0000000000000a9a       0x34 /Applications/STM32CubeIDE.app/Contents/Eclipse/plugins/com.st.stm32cube.ide.mcu.externaltools.gnu-tools-for-stm32.10.3-2021.10.macos64_1.0.200.202301161003/tools/bin/../lib/gcc/arm-none-eabi/10.3.1/../../../../arm-none-eabi/lib/thumb/v7e-m+fp/hard/libc_nano.a(lib_a-isattyr.o)
 .ARM.attributes
                0x0000000000000ace       0x1e /Applications/STM32CubeIDE.app/Contents/Eclipse/plugins/com.st.stm32cube.ide.mcu.externaltools.gnu-tools-for-stm32.10.3-2021.10.macos64_1.0.200.202301161003/tools/bin/../lib/gcc/arm-none-eabi/10.3.1/thumb/v7e-m+fp/hard/libgcc.a(_aeabi_uldivmod.o)
 .ARM.attributes
                0x0000000000000aec       0x34 /Applications/STM32CubeIDE.app/Contents/Eclipse/plugins/com.st.stm32cube.ide.mcu.externaltools.gnu-tools-for-stm32.10.3-2021.10.macos64_1.0.200.202301161003/tools/bin/../lib/gcc/arm-none-eabi/10.3.1/thumb/v7e-m+fp/hard/libgcc.a(_udivmoddi4.o)
 .ARM.attributes
                0x0000000000000b20       0x1e /Applications/STM32CubeIDE.app/Contents/Eclipse/plugins/com.st.stm32cube.ide.mcu.externaltools.gnu-tools-for-stm32.10.3-2021.10.macos64_1.0.200.202301161003/tools/bin/../lib/gcc/arm-none-eabi/10.3.1/thumb/v7e-m+fp/hard/libgcc.a(_dvmd_tls.o)
 .ARM.attributes
                0x0000000000000b3e       0x1e /Applications/STM32CubeIDE.app/Contents/Eclipse/plugins/com.st.stm32cube.ide.mcu.externaltools.gnu-tools-for-stm32.10.3-2021.10.macos64_1.0.200.202301161003/tools/bin/../lib/gcc/arm-none-eabi/10.3.1/thumb/v7e-m+fp/hard/crtn.o
OUTPUT(02_trix_custom_service.elf elf32-littlearm)
LOAD linker stubs
LOAD /Applications/STM32CubeIDE.app/Contents/Eclipse/plugins/com.st.stm32cube.ide.mcu.externaltools.gnu-tools-for-stm32.10.3-2021.10.macos64_1.0.200.202301161003/tools/bin/../lib/gcc/arm-none-eabi/10.3.1/../../../../arm-none-eabi/lib/thumb/v7e-m+fp/hard/libc.a
LOAD /Applications/STM32CubeIDE.app/Contents/Eclipse/plugins/com.st.stm32cube.ide.mcu.externaltools.gnu-tools-for-stm32.10.3-2021.10.macos64_1.0.200.202301161003/tools/bin/../lib/gcc/arm-none-eabi/10.3.1/../../../../arm-none-eabi/lib/thumb/v7e-m+fp/hard/libm.a
LOAD /Applications/STM32CubeIDE.app/Contents/Eclipse/plugins/com.st.stm32cube.ide.mcu.externaltools.gnu-tools-for-stm32.10.3-2021.10.macos64_1.0.200.202301161003/tools/bin/../lib/gcc/arm-none-eabi/10.3.1/thumb/v7e-m+fp/hard/libgcc.a

.debug_info     0x0000000000000000    0x16e30
 .debug_info    0x0000000000000000      0xb01 ./BlueNRG-2/Target/hci_tl_interface.o
 .debug_info    0x0000000000000b01      0x31a ./Core/Src/app_bluenrg.o
 .debug_info    0x0000000000000e1b      0xe9c ./Core/Src/main.o
 .debug_info    0x0000000000001cb7      0x18b ./Core/Src/service.o
 .debug_info    0x0000000000001e42      0x9a2 ./Core/Src/stm32f4xx_hal_msp.o
 .debug_info    0x00000000000027e4      0x1e3 ./Core/Src/stm32f4xx_it.o
 .debug_info    0x00000000000029c7      0xc7f ./Core/Src/stm32f4xx_nucleo_bus.o
 .debug_info    0x0000000000003646      0x6e0 ./Core/Src/syscalls.o
 .debug_info    0x0000000000003d26      0x171 ./Core/Src/sysmem.o
 .debug_info    0x0000000000003e97      0x54f ./Core/Src/system_stm32f4xx.o
 .debug_info    0x00000000000043e6       0x22 ./Core/Startup/startup_stm32f411retx.o
 .debug_info    0x0000000000004408      0x90d ./Drivers/STM32F4xx_HAL_Driver/Src/stm32f4xx_hal.o
 .debug_info    0x0000000000004d15      0xd8b ./Drivers/STM32F4xx_HAL_Driver/Src/stm32f4xx_hal_cortex.o
 .debug_info    0x0000000000005aa0      0x54b ./Drivers/STM32F4xx_HAL_Driver/Src/stm32f4xx_hal_exti.o
 .debug_info    0x0000000000005feb      0x78e ./Drivers/STM32F4xx_HAL_Driver/Src/stm32f4xx_hal_gpio.o
 .debug_info    0x0000000000006779      0x98d ./Drivers/STM32F4xx_HAL_Driver/Src/stm32f4xx_hal_rcc.o
 .debug_info    0x0000000000007106     0x1750 ./Drivers/STM32F4xx_HAL_Driver/Src/stm32f4xx_hal_spi.o
 .debug_info    0x0000000000008856     0x31b4 ./Drivers/STM32F4xx_HAL_Driver/Src/stm32f4xx_hal_uart.o
 .debug_info    0x000000000000ba0a     0x2bd9 ./Middlewares/ST/BlueNRG-2/hci/bluenrg1_hci_le.o
 .debug_info    0x000000000000e5e3     0x309e ./Middlewares/ST/BlueNRG-2/hci/controller/bluenrg1_gap_aci.o
 .debug_info    0x0000000000011681     0x34ec ./Middlewares/ST/BlueNRG-2/hci/controller/bluenrg1_gatt_aci.o
 .debug_info    0x0000000000014b6d     0x1257 ./Middlewares/ST/BlueNRG-2/hci/controller/bluenrg1_hal_aci.o
 .debug_info    0x0000000000015dc4      0x917 ./Middlewares/ST/BlueNRG-2/hci/hci_tl_patterns/Basic/hci_tl.o
 .debug_info    0x00000000000166db      0x755 ./Middlewares/ST/BlueNRG-2/utils/ble_list.o

.debug_abbrev   0x0000000000000000     0x2c76
 .debug_abbrev  0x0000000000000000      0x29b ./BlueNRG-2/Target/hci_tl_interface.o
 .debug_abbrev  0x000000000000029b      0x13d ./Core/Src/app_bluenrg.o
 .debug_abbrev  0x00000000000003d8      0x2b7 ./Core/Src/main.o
 .debug_abbrev  0x000000000000068f       0xe6 ./Core/Src/service.o
 .debug_abbrev  0x0000000000000775      0x1b0 ./Core/Src/stm32f4xx_hal_msp.o
 .debug_abbrev  0x0000000000000925       0xf7 ./Core/Src/stm32f4xx_it.o
 .debug_abbrev  0x0000000000000a1c      0x27e ./Core/Src/stm32f4xx_nucleo_bus.o
 .debug_abbrev  0x0000000000000c9a      0x1b3 ./Core/Src/syscalls.o
 .debug_abbrev  0x0000000000000e4d       0xbb ./Core/Src/sysmem.o
 .debug_abbrev  0x0000000000000f08      0x116 ./Core/Src/system_stm32f4xx.o
 .debug_abbrev  0x000000000000101e       0x12 ./Core/Startup/startup_stm32f411retx.o
 .debug_abbrev  0x0000000000001030      0x23e ./Drivers/STM32F4xx_HAL_Driver/Src/stm32f4xx_hal.o
 .debug_abbrev  0x000000000000126e      0x316 ./Drivers/STM32F4xx_HAL_Driver/Src/stm32f4xx_hal_cortex.o
 .debug_abbrev  0x0000000000001584      0x1c6 ./Drivers/STM32F4xx_HAL_Driver/Src/stm32f4xx_hal_exti.o
 .debug_abbrev  0x000000000000174a      0x1c4 ./Drivers/STM32F4xx_HAL_Driver/Src/stm32f4xx_hal_gpio.o
 .debug_abbrev  0x000000000000190e      0x2aa ./Drivers/STM32F4xx_HAL_Driver/Src/stm32f4xx_hal_rcc.o
 .debug_abbrev  0x0000000000001bb8      0x26e ./Drivers/STM32F4xx_HAL_Driver/Src/stm32f4xx_hal_spi.o
 .debug_abbrev  0x0000000000001e26      0x305 ./Drivers/STM32F4xx_HAL_Driver/Src/stm32f4xx_hal_uart.o
 .debug_abbrev  0x000000000000212b      0x1b2 ./Middlewares/ST/BlueNRG-2/hci/bluenrg1_hci_le.o
 .debug_abbrev  0x00000000000022dd      0x1b5 ./Middlewares/ST/BlueNRG-2/hci/controller/bluenrg1_gap_aci.o
 .debug_abbrev  0x0000000000002492      0x1d5 ./Middlewares/ST/BlueNRG-2/hci/controller/bluenrg1_gatt_aci.o
 .debug_abbrev  0x0000000000002667      0x1ce ./Middlewares/ST/BlueNRG-2/hci/controller/bluenrg1_hal_aci.o
 .debug_abbrev  0x0000000000002835      0x2c4 ./Middlewares/ST/BlueNRG-2/hci/hci_tl_patterns/Basic/hci_tl.o
 .debug_abbrev  0x0000000000002af9      0x17d ./Middlewares/ST/BlueNRG-2/utils/ble_list.o

.debug_aranges  0x0000000000000000     0x1088
 .debug_aranges
                0x0000000000000000       0x68 ./BlueNRG-2/Target/hci_tl_interface.o
 .debug_aranges
                0x0000000000000068       0x28 ./Core/Src/app_bluenrg.o
 .debug_aranges
                0x0000000000000090       0x48 ./Core/Src/main.o
 .debug_aranges
                0x00000000000000d8       0x20 ./Core/Src/service.o
 .debug_aranges
                0x00000000000000f8       0x30 ./Core/Src/stm32f4xx_hal_msp.o
 .debug_aranges
                0x0000000000000128       0x70 ./Core/Src/stm32f4xx_it.o
 .debug_aranges
                0x0000000000000198       0x60 ./Core/Src/stm32f4xx_nucleo_bus.o
 .debug_aranges
                0x00000000000001f8       0xa8 ./Core/Src/syscalls.o
 .debug_aranges
                0x00000000000002a0       0x20 ./Core/Src/sysmem.o
 .debug_aranges
                0x00000000000002c0       0x28 ./Core/Src/system_stm32f4xx.o
 .debug_aranges
                0x00000000000002e8       0x28 ./Core/Startup/startup_stm32f411retx.o
 .debug_aranges
                0x0000000000000310       0xf0 ./Drivers/STM32F4xx_HAL_Driver/Src/stm32f4xx_hal.o
 .debug_aranges
                0x0000000000000400      0x118 ./Drivers/STM32F4xx_HAL_Driver/Src/stm32f4xx_hal_cortex.o
 .debug_aranges
                0x0000000000000518       0x60 ./Drivers/STM32F4xx_HAL_Driver/Src/stm32f4xx_hal_exti.o
 .debug_aranges
                0x0000000000000578       0x58 ./Drivers/STM32F4xx_HAL_Driver/Src/stm32f4xx_hal_gpio.o
 .debug_aranges
                0x00000000000005d0       0x88 ./Drivers/STM32F4xx_HAL_Driver/Src/stm32f4xx_hal_rcc.o
 .debug_aranges
                0x0000000000000658      0x1d0 ./Drivers/STM32F4xx_HAL_Driver/Src/stm32f4xx_hal_spi.o
 .debug_aranges
                0x0000000000000828      0x200 ./Drivers/STM32F4xx_HAL_Driver/Src/stm32f4xx_hal_uart.o
 .debug_aranges
                0x0000000000000a28      0x1c8 ./Middlewares/ST/BlueNRG-2/hci/bluenrg1_hci_le.o
 .debug_aranges
                0x0000000000000bf0      0x168 ./Middlewares/ST/BlueNRG-2/hci/controller/bluenrg1_gap_aci.o
 .debug_aranges
                0x0000000000000d58      0x180 ./Middlewares/ST/BlueNRG-2/hci/controller/bluenrg1_gatt_aci.o
 .debug_aranges
                0x0000000000000ed8       0xd8 ./Middlewares/ST/BlueNRG-2/hci/controller/bluenrg1_hal_aci.o
 .debug_aranges
                0x0000000000000fb0       0x60 ./Middlewares/ST/BlueNRG-2/hci/hci_tl_patterns/Basic/hci_tl.o
 .debug_aranges
                0x0000000000001010       0x78 ./Middlewares/ST/BlueNRG-2/utils/ble_list.o

.debug_ranges   0x0000000000000000      0xf58
 .debug_ranges  0x0000000000000000       0x58 ./BlueNRG-2/Target/hci_tl_interface.o
 .debug_ranges  0x0000000000000058       0x18 ./Core/Src/app_bluenrg.o
 .debug_ranges  0x0000000000000070       0x38 ./Core/Src/main.o
 .debug_ranges  0x00000000000000a8       0x10 ./Core/Src/service.o
 .debug_ranges  0x00000000000000b8       0x20 ./Core/Src/stm32f4xx_hal_msp.o
 .debug_ranges  0x00000000000000d8       0x60 ./Core/Src/stm32f4xx_it.o
 .debug_ranges  0x0000000000000138       0x50 ./Core/Src/stm32f4xx_nucleo_bus.o
 .debug_ranges  0x0000000000000188       0x98 ./Core/Src/syscalls.o
 .debug_ranges  0x0000000000000220       0x10 ./Core/Src/sysmem.o
 .debug_ranges  0x0000000000000230       0x18 ./Core/Src/system_stm32f4xx.o
 .debug_ranges  0x0000000000000248       0x20 ./Core/Startup/startup_stm32f411retx.o
 .debug_ranges  0x0000000000000268       0xe0 ./Drivers/STM32F4xx_HAL_Driver/Src/stm32f4xx_hal.o
 .debug_ranges  0x0000000000000348      0x108 ./Drivers/STM32F4xx_HAL_Driver/Src/stm32f4xx_hal_cortex.o
 .debug_ranges  0x0000000000000450       0x50 ./Drivers/STM32F4xx_HAL_Driver/Src/stm32f4xx_hal_exti.o
 .debug_ranges  0x00000000000004a0       0x48 ./Drivers/STM32F4xx_HAL_Driver/Src/stm32f4xx_hal_gpio.o
 .debug_ranges  0x00000000000004e8       0x78 ./Drivers/STM32F4xx_HAL_Driver/Src/stm32f4xx_hal_rcc.o
 .debug_ranges  0x0000000000000560      0x1c0 ./Drivers/STM32F4xx_HAL_Driver/Src/stm32f4xx_hal_spi.o
 .debug_ranges  0x0000000000000720      0x220 ./Drivers/STM32F4xx_HAL_Driver/Src/stm32f4xx_hal_uart.o
 .debug_ranges  0x0000000000000940      0x1b8 ./Middlewares/ST/BlueNRG-2/hci/bluenrg1_hci_le.o
 .debug_ranges  0x0000000000000af8      0x158 ./Middlewares/ST/BlueNRG-2/hci/controller/bluenrg1_gap_aci.o
 .debug_ranges  0x0000000000000c50      0x170 ./Middlewares/ST/BlueNRG-2/hci/controller/bluenrg1_gatt_aci.o
 .debug_ranges  0x0000000000000dc0       0xc8 ./Middlewares/ST/BlueNRG-2/hci/controller/bluenrg1_hal_aci.o
 .debug_ranges  0x0000000000000e88       0x68 ./Middlewares/ST/BlueNRG-2/hci/hci_tl_patterns/Basic/hci_tl.o
 .debug_ranges  0x0000000000000ef0       0x68 ./Middlewares/ST/BlueNRG-2/utils/ble_list.o

.debug_macro    0x0000000000000000    0x19946
 .debug_macro   0x0000000000000000      0x315 ./BlueNRG-2/Target/hci_tl_interface.o
 .debug_macro   0x0000000000000315      0xa78 ./BlueNRG-2/Target/hci_tl_interface.o
 .debug_macro   0x0000000000000d8d       0x16 ./BlueNRG-2/Target/hci_tl_interface.o
 .debug_macro   0x0000000000000da3      0x29b ./BlueNRG-2/Target/hci_tl_interface.o
 .debug_macro   0x000000000000103e       0x2e ./BlueNRG-2/Target/hci_tl_interface.o
 .debug_macro   0x000000000000106c       0x28 ./BlueNRG-2/Target/hci_tl_interface.o
 .debug_macro   0x0000000000001094       0x22 ./BlueNRG-2/Target/hci_tl_interface.o
 .debug_macro   0x00000000000010b6       0x8e ./BlueNRG-2/Target/hci_tl_interface.o
 .debug_macro   0x0000000000001144       0x51 ./BlueNRG-2/Target/hci_tl_interface.o
 .debug_macro   0x0000000000001195      0x103 ./BlueNRG-2/Target/hci_tl_interface.o
 .debug_macro   0x0000000000001298       0x6a ./BlueNRG-2/Target/hci_tl_interface.o
 .debug_macro   0x0000000000001302      0x1df ./BlueNRG-2/Target/hci_tl_interface.o
 .debug_macro   0x00000000000014e1       0x1c ./BlueNRG-2/Target/hci_tl_interface.o
 .debug_macro   0x00000000000014fd       0x22 ./BlueNRG-2/Target/hci_tl_interface.o
 .debug_macro   0x000000000000151f       0xd9 ./BlueNRG-2/Target/hci_tl_interface.o
 .debug_macro   0x00000000000015f8     0x102d ./BlueNRG-2/Target/hci_tl_interface.o
 .debug_macro   0x0000000000002625      0x11f ./BlueNRG-2/Target/hci_tl_interface.o
 .debug_macro   0x0000000000002744     0xb953 ./BlueNRG-2/Target/hci_tl_interface.o
 .debug_macro   0x000000000000e097       0x6d ./BlueNRG-2/Target/hci_tl_interface.o
 .debug_macro   0x000000000000e104     0x367e ./BlueNRG-2/Target/hci_tl_interface.o
 .debug_macro   0x0000000000011782      0x174 ./BlueNRG-2/Target/hci_tl_interface.o
 .debug_macro   0x00000000000118f6       0x5c ./BlueNRG-2/Target/hci_tl_interface.o
 .debug_macro   0x0000000000011952      0x447 ./BlueNRG-2/Target/hci_tl_interface.o
 .debug_macro   0x0000000000011d99      0x9fe ./BlueNRG-2/Target/hci_tl_interface.o
 .debug_macro   0x0000000000012797      0x115 ./BlueNRG-2/Target/hci_tl_interface.o
 .debug_macro   0x00000000000128ac      0x11b ./BlueNRG-2/Target/hci_tl_interface.o
 .debug_macro   0x00000000000129c7       0xa5 ./BlueNRG-2/Target/hci_tl_interface.o
 .debug_macro   0x0000000000012a6c      0x15f ./BlueNRG-2/Target/hci_tl_interface.o
 .debug_macro   0x0000000000012bcb      0x287 ./BlueNRG-2/Target/hci_tl_interface.o
 .debug_macro   0x0000000000012e52       0x5f ./BlueNRG-2/Target/hci_tl_interface.o
 .debug_macro   0x0000000000012eb1      0x236 ./BlueNRG-2/Target/hci_tl_interface.o
 .debug_macro   0x00000000000130e7      0x132 ./BlueNRG-2/Target/hci_tl_interface.o
 .debug_macro   0x0000000000013219      0x264 ./BlueNRG-2/Target/hci_tl_interface.o
 .debug_macro   0x000000000001347d       0x2e ./BlueNRG-2/Target/hci_tl_interface.o
 .debug_macro   0x00000000000134ab      0x11a ./BlueNRG-2/Target/hci_tl_interface.o
 .debug_macro   0x00000000000135c5       0x85 ./BlueNRG-2/Target/hci_tl_interface.o
 .debug_macro   0x000000000001364a       0x89 ./BlueNRG-2/Target/hci_tl_interface.o
 .debug_macro   0x00000000000136d3      0x225 ./BlueNRG-2/Target/hci_tl_interface.o
 .debug_macro   0x00000000000138f8      0x295 ./BlueNRG-2/Target/hci_tl_interface.o
 .debug_macro   0x0000000000013b8d      0x126 ./BlueNRG-2/Target/hci_tl_interface.o
 .debug_macro   0x0000000000013cb3       0x28 ./BlueNRG-2/Target/hci_tl_interface.o
 .debug_macro   0x0000000000013cdb       0x82 ./BlueNRG-2/Target/hci_tl_interface.o